Product: MDK-ARM Standard 5.10
Component: ARM Compiler 5.04 update 1 (build 49)
Tool: armlink [5040049]

==============================================================================

Section Cross References

    main.o(.text) refers to matrix.o(.text) for Matrix::scan()
    main.o(.text) refers to system_stm32f1xx.o(.text) for SystemCoreClockUpdate
    main.o(.text) refers to stm32f1xx_hal_tim.o(.text) for HAL_TIM_Base_Init
    main.o(.text) refers to cmsis_nvic.o(.text) for NVIC_SetVector
    main.o(.text) refers to serialbase.o(.text) for mbed::SerialBase::baud(int)
    main.o(.text) refers to stream.o(.text) for mbed::Stream::getc()
    main.o(.text) refers to main.o(i._ZN6Matrix13requestUpdateEv) for Matrix::requestUpdate()
    main.o(.text) refers to main.o(.bss) for timer_handle
    main.o(.text) refers to system_stm32f1xx.o(.data) for SystemCoreClock
    main.o(.text) refers to main.o(.data) for red_matrix_buf
    main.o(.text) refers to font.o(.constdata) for FONT_6X8
    main.o(.text) refers to memseta.o(.text) for __aeabi_memclr4
    main.o(.text) refers to main.o(.constdata) for smile_32x20
    main.o(.text) refers to serial.o(.text) for mbed::Serial::Serial(PinName, PinName, const char*)
    main.o(.text) refers to aeabi_atexit.o(i.__aeabi_atexit) for __aeabi_atexit
    main.o(.text) refers to main.o(i._ZN4mbed6SerialD1Ev) for mbed::Serial::~Serial()
    main.o(.ARM.exidx) refers to main.o(.text) for .text
    main.o(.init_array) refers to main.o(.text) for __sti___8_main_cpp_uart
    main.o(.init_array) refers to cpp_init.o(.text) for __cpp_initialize__aeabi_
    matrix.o(.text) refers to port_api.o(.text) for port_init
    matrix.o(.text) refers to matrix.o(i._ZN4mbed10DigitalOutC1E7PinName) for mbed::DigitalOut::DigitalOut(PinName)
    matrix.o(.text) refers to pwmout_api.o(.text) for pwmout_init
    matrix.o(.text) refers to dflti.o(.text) for __aeabi_i2d
    matrix.o(.text) refers to ddiv.o(.text) for __aeabi_ddiv
    matrix.o(.text) refers to d2f.o(.text) for __aeabi_d2f
    matrix.o(.text) refers to fmul.o(.text) for __aeabi_fmul
    matrix.o(.text) refers to ffixi.o(.text) for __aeabi_f2iz
    matrix.o(.text) refers to matrix.o(i._ZN4mbed6PwmOutaSEf) for mbed::PwmOut::operator =(float)
    matrix.o(.text) refers to matrix.o(i._ZN4mbed10DigitalOutaSEi) for mbed::DigitalOut::operator =(int)
    matrix.o(.text) refers to fadd.o(.text) for __aeabi_fsub
    matrix.o(.text) refers to matrix.o(.data) for row
    matrix.o(.ARM.exidx) refers to matrix.o(.text) for .text
    startup_stm32f103xb.o(RESET) refers to startup_stm32f103xb.o(.text) for Reset_Handler
    startup_stm32f103xb.o(.text) refers to system_stm32f1xx.o(.text) for SystemInit
    startup_stm32f103xb.o(.text) refers to entry.o(.ARM.Collect$$$$00000000) for __main
    stm32f1xx_hal.o(.text) refers to stm32f1xx_hal_rcc.o(.text) for HAL_RCC_GetHCLKFreq
    stm32f1xx_hal.o(.text) refers to stm32f1xx_hal_cortex.o(.text) for HAL_SYSTICK_Config
    stm32f1xx_hal.o(.text) refers to hal_tick.o(.text) for HAL_InitTick
    stm32f1xx_hal.o(.text) refers to stm32f1xx_hal.o(.data) for uwTick
    stm32f1xx_hal_adc.o(.text) refers to stm32f1xx_hal.o(.text) for HAL_GetTick
    stm32f1xx_hal_adc.o(.text) refers to stm32f1xx_hal_rcc_ex.o(.text) for HAL_RCCEx_GetPeriphCLKFreq
    stm32f1xx_hal_adc.o(.text) refers to system_stm32f1xx.o(.data) for SystemCoreClock
    stm32f1xx_hal_adc.o(.text) refers to stm32f1xx_hal_dma.o(.text) for HAL_DMA_Start_IT
    stm32f1xx_hal_adc.o(.text) refers to stm32f1xx_hal_adc_ex.o(.text) for HAL_ADCEx_InjectedConvCpltCallback
    stm32f1xx_hal_adc_ex.o(.text) refers to stm32f1xx_hal_adc.o(.text) for ADC_ConversionStop_Disable
    stm32f1xx_hal_adc_ex.o(.text) refers to stm32f1xx_hal_rcc_ex.o(.text) for HAL_RCCEx_GetPeriphCLKFreq
    stm32f1xx_hal_adc_ex.o(.text) refers to stm32f1xx_hal.o(.text) for HAL_GetTick
    stm32f1xx_hal_adc_ex.o(.text) refers to system_stm32f1xx.o(.data) for SystemCoreClock
    stm32f1xx_hal_adc_ex.o(.text) refers to stm32f1xx_hal_dma.o(.text) for HAL_DMA_Start_IT
    stm32f1xx_hal_can.o(.text) refers to stm32f1xx_hal.o(.text) for HAL_GetTick
    stm32f1xx_hal_dma.o(.text) refers to stm32f1xx_hal.o(.text) for HAL_GetTick
    stm32f1xx_hal_flash.o(.text) refers to stm32f1xx_hal.o(.text) for HAL_GetTick
    stm32f1xx_hal_flash.o(.text) refers to stm32f1xx_hal_flash_ex.o(.text) for FLASH_SetErrorCode
    stm32f1xx_hal_flash.o(.text) refers to llushr.o(.text) for __aeabi_llsr
    stm32f1xx_hal_flash.o(.text) refers to stm32f1xx_hal_cortex.o(.text) for HAL_NVIC_SystemReset
    stm32f1xx_hal_flash.o(.text) refers to stm32f1xx_hal_flash.o(.bss) for pFlash
    stm32f1xx_hal_flash_ex.o(.text) refers to stm32f1xx_hal_flash.o(.text) for FLASH_WaitForLastOperation
    stm32f1xx_hal_flash_ex.o(.text) refers to stm32f1xx_hal_flash.o(.bss) for pFlash
    stm32f1xx_hal_i2c.o(.text) refers to stm32f1xx_hal_rcc.o(.text) for HAL_RCC_GetPCLK1Freq
[...]
    HAL_GetHalVersion                        0x0800129d   Thumb Code     6  stm32f1xx_hal.o(.text)
    HAL_GetREVID                             0x080012a3   Thumb Code    18  stm32f1xx_hal.o(.text)
    HAL_GetDEVID                             0x080012b5   Thumb Code    10  stm32f1xx_hal.o(.text)
    HAL_DBGMCU_EnableDBGSleepMode            0x080012bf   Thumb Code    14  stm32f1xx_hal.o(.text)
    HAL_DBGMCU_DisableDBGSleepMode           0x080012cd   Thumb Code    14  stm32f1xx_hal.o(.text)
    HAL_DBGMCU_EnableDBGStopMode             0x080012db   Thumb Code    14  stm32f1xx_hal.o(.text)
    HAL_DBGMCU_DisableDBGStopMode            0x080012e9   Thumb Code    14  stm32f1xx_hal.o(.text)
    HAL_DBGMCU_EnableDBGStandbyMode          0x080012f7   Thumb Code    14  stm32f1xx_hal.o(.text)
    HAL_DBGMCU_DisableDBGStandbyMode         0x08001305   Thumb Code    14  stm32f1xx_hal.o(.text)
    HAL_NVIC_SetPriorityGrouping             0x08001349   Thumb Code    36  stm32f1xx_hal_cortex.o(.text)
    HAL_NVIC_SetPriority                     0x0800136d   Thumb Code   124  stm32f1xx_hal_cortex.o(.text)
    HAL_NVIC_EnableIRQ                       0x080013e9   Thumb Code    26  stm32f1xx_hal_cortex.o(.text)
    HAL_NVIC_DisableIRQ                      0x08001403   Thumb Code    22  stm32f1xx_hal_cortex.o(.text)
    HAL_NVIC_SystemReset                     0x08001419   Thumb Code    64  stm32f1xx_hal_cortex.o(.text)
    HAL_SYSTICK_Config                       0x08001459   Thumb Code    52  stm32f1xx_hal_cortex.o(.text)
    HAL_NVIC_GetPriorityGrouping             0x0800148d   Thumb Code     8  stm32f1xx_hal_cortex.o(.text)
    HAL_NVIC_GetPriority                     0x08001495   Thumb Code   138  stm32f1xx_hal_cortex.o(.text)
    HAL_NVIC_SetPendingIRQ                   0x0800151f   Thumb Code    24  stm32f1xx_hal_cortex.o(.text)
    HAL_NVIC_GetPendingIRQ                   0x08001537   Thumb Code    38  stm32f1xx_hal_cortex.o(.text)
    HAL_NVIC_ClearPendingIRQ                 0x0800155d   Thumb Code    22  stm32f1xx_hal_cortex.o(.text)
    HAL_NVIC_GetActive                       0x08001573   Thumb Code    38  stm32f1xx_hal_cortex.o(.text)
    HAL_SYSTICK_CLKSourceConfig              0x08001599   Thumb Code    40  stm32f1xx_hal_cortex.o(.text)
    HAL_SYSTICK_Callback                     0x080015c1   Thumb Code     2  stm32f1xx_hal_cortex.o(.text)
    HAL_SYSTICK_IRQHandler                   0x080015c3   Thumb Code     8  stm32f1xx_hal_cortex.o(.text)
    HAL_DMA_Init                             0x080015ed   Thumb Code    84  stm32f1xx_hal_dma.o(.text)
    HAL_DMA_DeInit                           0x08001641   Thumb Code   364  stm32f1xx_hal_dma.o(.text)
    HAL_DMA_Start                            0x080017cd   Thumb Code    82  stm32f1xx_hal_dma.o(.text)
    HAL_DMA_Start_IT                         0x0800181f   Thumb Code   118  stm32f1xx_hal_dma.o(.text)
    HAL_DMA_Abort                            0x08001895   Thumb Code    98  stm32f1xx_hal_dma.o(.text)
    HAL_DMA_PollForTransfer                  0x080018f7   Thumb Code   742  stm32f1xx_hal_dma.o(.text)
    HAL_DMA_IRQHandler                       0x08001bdd   Thumb Code   784  stm32f1xx_hal_dma.o(.text)
    HAL_DMA_GetState                         0x08001eed   Thumb Code     8  stm32f1xx_hal_dma.o(.text)
    HAL_DMA_GetError                         0x08001ef5   Thumb Code     6  stm32f1xx_hal_dma.o(.text)
    HAL_GPIO_Init                            0x08001f01   Thumb Code   764  stm32f1xx_hal_gpio.o(.text)
    HAL_GPIO_DeInit                          0x080021fd   Thumb Code   288  stm32f1xx_hal_gpio.o(.text)
    HAL_GPIO_ReadPin                         0x0800231d   Thumb Code    16  stm32f1xx_hal_gpio.o(.text)
    HAL_GPIO_WritePin                        0x0800232d   Thumb Code    12  stm32f1xx_hal_gpio.o(.text)
    HAL_GPIO_TogglePin                       0x08002339   Thumb Code     8  stm32f1xx_hal_gpio.o(.text)
    HAL_GPIO_LockPin                         0x08002341   Thumb Code    46  stm32f1xx_hal_gpio.o(.text)
    HAL_GPIO_EXTI_Callback                   0x0800236f   Thumb Code     2  stm32f1xx_hal_gpio.o(.text)
    HAL_GPIO_EXTI_IRQHandler                 0x08002371   Thumb Code    28  stm32f1xx_hal_gpio.o(.text)
    HAL_RCC_DeInit                           0x080023ad   Thumb Code    72  stm32f1xx_hal_rcc.o(.text)
    HAL_RCC_OscConfig                        0x080023f5   Thumb Code  2474  stm32f1xx_hal_rcc.o(.text)
    HAL_RCC_MCOConfig                        0x08002fbb   Thumb Code    80  stm32f1xx_hal_rcc.o(.text)
    HAL_RCC_EnableCSS                        0x0800300b   Thumb Code    20  stm32f1xx_hal_rcc.o(.text)
    HAL_RCC_DisableCSS                       0x0800301f   Thumb Code    22  stm32f1xx_hal_rcc.o(.text)
    HAL_RCC_GetSysClockFreq                  0x08003035   Thumb Code   146  stm32f1xx_hal_rcc.o(.text)
    HAL_RCC_GetHCLKFreq                      0x080030c7   Thumb Code    42  stm32f1xx_hal_rcc.o(.text)
    HAL_RCC_GetPCLK1Freq                     0x080030f1   Thumb Code    36  stm32f1xx_hal_rcc.o(.text)
    HAL_RCC_GetPCLK2Freq                     0x08003115   Thumb Code    36  stm32f1xx_hal_rcc.o(.text)
    HAL_RCC_GetOscConfig                     0x08003139   Thumb Code   204  stm32f1xx_hal_rcc.o(.text)
    HAL_RCC_CSSCallback                      0x08003239   Thumb Code     2  stm32f1xx_hal_rcc.o(.text)
    HAL_RCC_NMI_IRQHandler                   0x0800323b   Thumb Code    26  stm32f1xx_hal_rcc.o(.text)
    HAL_RCC_ClockConfig                      0x08003285   Thumb Code  1072  stm32f1xx_hal_rcc_ex.o(.text)
    HAL_RCC_GetClockConfig                   0x080036b5   Thumb Code    58  stm32f1xx_hal_rcc_ex.o(.text)
    HAL_RCCEx_PeriphCLKConfig                0x080036ef   Thumb Code   362  stm32f1xx_hal_rcc_ex.o(.text)
    HAL_RCCEx_GetPeriphCLKConfig             0x08003859   Thumb Code    54  stm32f1xx_hal_rcc_ex.o(.text)
    HAL_RCCEx_GetPeriphCLKFreq               0x0800388f   Thumb Code   296  stm32f1xx_hal_rcc_ex.o(.text)
    TIM_Base_SetConfig                       0x080039e5   Thumb Code    94  stm32f1xx_hal_tim.o(.text)
    HAL_TIM_Base_MspInit                     0x08003a43   Thumb Code     2  stm32f1xx_hal_tim.o(.text)
    HAL_TIM_Base_Init                        0x08003a45   Thumb Code    52  stm32f1xx_hal_tim.o(.text)
    HAL_TIM_Base_MspDeInit                   0x08003a79   Thumb Code     2  stm32f1xx_hal_tim.o(.text)
    HAL_TIM_Base_DeInit                      0x08003a7b   Thumb Code    70  stm32f1xx_hal_tim.o(.text)
    HAL_TIM_Base_Start                       0x08003ac1   Thumb Code    30  stm32f1xx_hal_tim.o(.text)
    HAL_TIM_Base_Stop                        0x08003adf   Thumb Code    56  stm32f1xx_hal_tim.o(.text)
    HAL_TIM_Base_Start_IT                    0x08003b17   Thumb Code    30  stm32f1xx_hal_tim.o(.text)
    HAL_TIM_Base_Stop_IT                     0x08003b35   Thumb Code    56  stm32f1xx_hal_tim.o(.text)
    HAL_TIM_ErrorCallback                    0x08003b6d   Thumb Code     2  stm32f1xx_hal_tim.o(.text)
    TIM_DMAError                             0x08003b6f   Thumb Code    20  stm32f1xx_hal_tim.o(.text)
    HAL_TIM_PeriodElapsedCallback            0x08003b83   Thumb Code     2  stm32f1xx_hal_tim.o(.text)
    HAL_TIM_Base_Start_DMA                   0x08003b99   Thumb Code    98  stm32f1xx_hal_tim.o(.text)
    HAL_TIM_Base_Stop_DMA                    0x08003bfb   Thumb Code    62  stm32f1xx_hal_tim.o(.text)
    HAL_TIM_OC_MspInit                       0x08003c39   Thumb Code     2  stm32f1xx_hal_tim.o(.text)
    HAL_TIM_OC_Init                          0x08003c3b   Thumb Code    52  stm32f1xx_hal_tim.o(.text)
    HAL_TIM_OC_MspDeInit                     0x08003c6f   Thumb Code     2  stm32f1xx_hal_tim.o(.text)
    HAL_TIM_OC_DeInit                        0x08003c71   Thumb Code    70  stm32f1xx_hal_tim.o(.text)
    TIM_CCxChannelCmd                        0x08003cb7   Thumb Code    28  stm32f1xx_hal_tim.o(.text)
    HAL_TIM_OC_Start                         0x08003cd3   Thumb Code    60  stm32f1xx_hal_tim.o(.text)
    HAL_TIM_OC_Stop                          0x08003d0f   Thumb Code   112  stm32f1xx_hal_tim.o(.text)
    HAL_TIM_OC_Start_IT                      0x08003d7f   Thumb Code   152  stm32f1xx_hal_tim.o(.text)
    HAL_TIM_OC_Stop_IT                       0x08003e17   Thumb Code   188  stm32f1xx_hal_tim.o(.text)
    HAL_TIM_PWM_PulseFinishedCallback        0x08003ed3   Thumb Code     2  stm32f1xx_hal_tim.o(.text)
    TIM_DMADelayPulseCplt                    0x08003ed5   Thumb Code    70  stm32f1xx_hal_tim.o(.text)
    HAL_TIM_OC_Start_DMA                     0x08003f1b   Thumb Code   304  stm32f1xx_hal_tim.o(.text)
    HAL_TIM_OC_Stop_DMA                      0x0800404b   Thumb Code   194  stm32f1xx_hal_tim.o(.text)
    HAL_TIM_PWM_MspInit                      0x0800410d   Thumb Code     2  stm32f1xx_hal_tim.o(.text)
    HAL_TIM_PWM_Init                         0x0800410f   Thumb Code    52  stm32f1xx_hal_tim.o(.text)
    HAL_TIM_PWM_MspDeInit                    0x08004143   Thumb Code     2  stm32f1xx_hal_tim.o(.text)
    HAL_TIM_PWM_DeInit                       0x08004145   Thumb Code    70  stm32f1xx_hal_tim.o(.text)
    HAL_TIM_PWM_Start                        0x0800418b   Thumb Code    66  stm32f1xx_hal_tim.o(.text)
    HAL_TIM_PWM_Stop                         0x080041cd   Thumb Code   118  stm32f1xx_hal_tim.o(.text)
    HAL_TIM_PWM_Start_IT                     0x08004243   Thumb Code   136  stm32f1xx_hal_tim.o(.text)
    HAL_TIM_PWM_Stop_IT                      0x080042cb   Thumb Code   188  stm32f1xx_hal_tim.o(.text)
    HAL_TIM_PWM_Start_DMA                    0x08004387   Thumb Code   304  stm32f1xx_hal_tim.o(.text)
    HAL_TIM_PWM_Stop_DMA                     0x080044b7   Thumb Code   194  stm32f1xx_hal_tim.o(.text)
    HAL_TIM_IC_MspInit                       0x08004579   Thumb Code     2  stm32f1xx_hal_tim.o(.text)
    HAL_TIM_IC_Init                          0x0800457b   Thumb Code    52  stm32f1xx_hal_tim.o(.text)
    HAL_TIM_IC_MspDeInit                     0x080045af   Thumb Code     2  stm32f1xx_hal_tim.o(.text)
    HAL_TIM_IC_DeInit                        0x080045b1   Thumb Code    76  stm32f1xx_hal_tim.o(.text)
    HAL_TIM_IC_Start                         0x080045fd   Thumb Code    32  stm32f1xx_hal_tim.o(.text)
    HAL_TIM_IC_Stop                          0x0800461d   Thumb Code    58  stm32f1xx_hal_tim.o(.text)
    HAL_TIM_IC_Start_IT                      0x08004657   Thumb Code   108  stm32f1xx_hal_tim.o(.text)
    HAL_TIM_IC_Stop_IT                       0x080046c3   Thumb Code   134  stm32f1xx_hal_tim.o(.text)
    HAL_TIM_IC_CaptureCallback               0x08004749   Thumb Code     2  stm32f1xx_hal_tim.o(.text)
    TIM_DMACaptureCplt                       0x0800474b   Thumb Code    70  stm32f1xx_hal_tim.o(.text)
    HAL_TIM_IC_Start_DMA                     0x08004791   Thumb Code   276  stm32f1xx_hal_tim.o(.text)
    HAL_TIM_IC_Stop_DMA                      0x080048a5   Thumb Code   140  stm32f1xx_hal_tim.o(.text)
    HAL_TIM_OnePulse_MspInit                 0x08004931   Thumb Code     2  stm32f1xx_hal_tim.o(.text)
    HAL_TIM_OnePulse_Init                    0x08004933   Thumb Code    76  stm32f1xx_hal_tim.o(.text)
    HAL_TIM_OnePulse_MspDeInit               0x0800497f   Thumb Code     2  stm32f1xx_hal_tim.o(.text)
    HAL_TIM_OnePulse_DeInit                  0x08004981   Thumb Code    70  stm32f1xx_hal_tim.o(.text)
    HAL_TIM_OnePulse_Start                   0x080049c7   Thumb Code    58  stm32f1xx_hal_tim.o(.text)
    HAL_TIM_OnePulse_Stop                    0x08004a01   Thumb Code   122  stm32f1xx_hal_tim.o(.text)
    HAL_TIM_OnePulse_Start_IT                0x08004a7b   Thumb Code    82  stm32f1xx_hal_tim.o(.text)
    HAL_TIM_OnePulse_Stop_IT                 0x08004acd   Thumb Code   146  stm32f1xx_hal_tim.o(.text)
    HAL_TIM_Encoder_MspInit                  0x08004b5f   Thumb Code     2  stm32f1xx_hal_tim.o(.text)
    HAL_TIM_Encoder_Init                     0x08004b61   Thumb Code   180  stm32f1xx_hal_tim.o(.text)
    HAL_TIM_Encoder_MspDeInit                0x08004c15   Thumb Code     2  stm32f1xx_hal_tim.o(.text)
    HAL_TIM_Encoder_DeInit                   0x08004c17   Thumb Code    70  stm32f1xx_hal_tim.o(.text)
    HAL_TIM_Encoder_Start                    0x08004c5d   Thumb Code    78  stm32f1xx_hal_tim.o(.text)
    HAL_TIM_Encoder_Stop                     0x08004cab   Thumb Code   104  stm32f1xx_hal_tim.o(.text)
    HAL_TIM_Encoder_Start_IT                 0x08004d13   Thumb Code   126  stm32f1xx_hal_tim.o(.text)
    HAL_TIM_Encoder_Stop_IT                  0x08004d91   Thumb Code   156  stm32f1xx_hal_tim.o(.text)
    HAL_TIM_Encoder_Start_DMA                0x08004e2d   Thumb Code   328  stm32f1xx_hal_tim.o(.text)
    HAL_TIM_Encoder_Stop_DMA                 0x08004f75   Thumb Code   152  stm32f1xx_hal_tim.o(.text)
    HAL_TIM_TriggerCallback                  0x0800500d   Thumb Code     2  stm32f1xx_hal_tim.o(.text)
    HAL_TIM_OC_DelayElapsedCallback          0x0800500f   Thumb Code     2  stm32f1xx_hal_tim.o(.text)
    HAL_TIM_IRQHandler                       0x08005011   Thumb Code   406  stm32f1xx_hal_tim.o(.text)
    TIM_OC2_SetConfig                        0x08005261   Thumb Code   106  stm32f1xx_hal_tim.o(.text)
    HAL_TIM_OC_ConfigChannel                 0x0800532b   Thumb Code   116  stm32f1xx_hal_tim.o(.text)
    TIM_TI1_SetConfig                        0x08005459   Thumb Code    94  stm32f1xx_hal_tim.o(.text)
    HAL_TIM_IC_ConfigChannel                 0x080054b7   Thumb Code   224  stm32f1xx_hal_tim.o(.text)
    HAL_TIM_PWM_ConfigChannel                0x08005597   Thumb Code   278  stm32f1xx_hal_tim.o(.text)
    HAL_TIM_OnePulse_ConfigChannel           0x080056ad   Thumb Code   286  stm32f1xx_hal_tim.o(.text)
    HAL_TIM_DMABurst_WriteStart              0x080057df   Thumb Code   366  stm32f1xx_hal_tim.o(.text)
    HAL_TIM_DMABurst_WriteStop               0x0800594d   Thumb Code   128  stm32f1xx_hal_tim.o(.text)
    HAL_TIM_DMABurst_ReadStart               0x080059cd   Thumb Code   366  stm32f1xx_hal_tim.o(.text)
    HAL_TIM_DMABurst_ReadStop                0x08005b3b   Thumb Code   128  stm32f1xx_hal_tim.o(.text)
    HAL_TIM_GenerateEvent                    0x08005bbb   Thumb Code    54  stm32f1xx_hal_tim.o(.text)
    HAL_TIM_ConfigOCrefClear                 0x08005c09   Thumb Code   288  stm32f1xx_hal_tim.o(.text)
    HAL_TIM_ConfigClockSource                0x08005d93   Thumb Code   306  stm32f1xx_hal_tim.o(.text)
    HAL_TIM_ConfigTI1Input                   0x08005ec5   Thumb Code    24  stm32f1xx_hal_tim.o(.text)
    HAL_TIM_SlaveConfigSynchronization       0x08005f81   Thumb Code    86  stm32f1xx_hal_tim.o(.text)
    HAL_TIM_SlaveConfigSynchronization_IT    0x08005fd7   Thumb Code    86  stm32f1xx_hal_tim.o(.text)
    HAL_TIM_ReadCapturedValue                0x0800602d   Thumb Code    84  stm32f1xx_hal_tim.o(.text)
    HAL_TIM_Base_GetState                    0x08006081   Thumb Code     8  stm32f1xx_hal_tim.o(.text)
    HAL_TIM_OC_GetState                      0x08006089   Thumb Code     8  stm32f1xx_hal_tim.o(.text)
    HAL_TIM_PWM_GetState                     0x08006091   Thumb Code     8  stm32f1xx_hal_tim.o(.text)
    HAL_TIM_IC_GetState                      0x08006099   Thumb Code     8  stm32f1xx_hal_tim.o(.text)
    HAL_TIM_OnePulse_GetState                0x080060a1   Thumb Code     8  stm32f1xx_hal_tim.o(.text)
    HAL_TIM_Encoder_GetState                 0x080060a9   Thumb Code     8  stm32f1xx_hal_tim.o(.text)
    HAL_TIMEx_HallSensor_MspInit             0x080060b1   Thumb Code     2  stm32f1xx_hal_tim_ex.o(.text)
    HAL_TIMEx_HallSensor_Init                0x080060b3   Thumb Code   208  stm32f1xx_hal_tim_ex.o(.text)
    HAL_TIMEx_HallSensor_MspDeInit           0x08006183   Thumb Code     2  stm32f1xx_hal_tim_ex.o(.text)
    HAL_TIMEx_HallSensor_DeInit              0x08006185   Thumb Code    70  stm32f1xx_hal_tim_ex.o(.text)
    HAL_TIMEx_HallSensor_Start               0x080061cb   Thumb Code    30  stm32f1xx_hal_tim_ex.o(.text)
    HAL_TIMEx_HallSensor_Stop                0x080061e9   Thumb Code    56  stm32f1xx_hal_tim_ex.o(.text)
    HAL_TIMEx_HallSensor_Start_IT            0x08006221   Thumb Code    42  stm32f1xx_hal_tim_ex.o(.text)
    HAL_TIMEx_HallSensor_Stop_IT             0x0800624b   Thumb Code    68  stm32f1xx_hal_tim_ex.o(.text)
    HAL_TIMEx_HallSensor_Start_DMA           0x0800628f   Thumb Code   106  stm32f1xx_hal_tim_ex.o(.text)
    HAL_TIMEx_HallSensor_Stop_DMA            0x080062f9   Thumb Code    68  stm32f1xx_hal_tim_ex.o(.text)
    HAL_TIMEx_OCN_Start                      0x08006359   Thumb Code    44  stm32f1xx_hal_tim_ex.o(.text)
    HAL_TIMEx_OCN_Stop                       0x08006385   Thumb Code    96  stm32f1xx_hal_tim_ex.o(.text)
    HAL_TIMEx_OCN_Start_IT                   0x080063e5   Thumb Code   132  stm32f1xx_hal_tim_ex.o(.text)
    HAL_TIMEx_OCN_Stop_IT                    0x08006469   Thumb Code   198  stm32f1xx_hal_tim_ex.o(.text)
    HAL_TIMEx_OCN_Start_DMA                  0x0800652f   Thumb Code   272  stm32f1xx_hal_tim_ex.o(.text)
    HAL_TIMEx_OCN_Stop_DMA                   0x0800663f   Thumb Code   192  stm32f1xx_hal_tim_ex.o(.text)
    HAL_TIMEx_PWMN_Start                     0x080066ff   Thumb Code    44  stm32f1xx_hal_tim_ex.o(.text)
    HAL_TIMEx_PWMN_Stop                      0x0800672b   Thumb Code    96  stm32f1xx_hal_tim_ex.o(.text)
    HAL_TIMEx_PWMN_Start_IT                  0x0800678b   Thumb Code   132  stm32f1xx_hal_tim_ex.o(.text)
    HAL_TIMEx_PWMN_Stop_IT                   0x0800680f   Thumb Code   198  stm32f1xx_hal_tim_ex.o(.text)
    HAL_TIMEx_PWMN_Start_DMA                 0x080068d5   Thumb Code   272  stm32f1xx_hal_tim_ex.o(.text)
    HAL_TIMEx_PWMN_Stop_DMA                  0x080069e5   Thumb Code   178  stm32f1xx_hal_tim_ex.o(.text)
    HAL_TIMEx_OnePulseN_Start                0x08006a97   Thumb Code    32  stm32f1xx_hal_tim_ex.o(.text)
    HAL_TIMEx_OnePulseN_Stop                 0x08006ab7   Thumb Code    96  stm32f1xx_hal_tim_ex.o(.text)
    HAL_TIMEx_OnePulseN_Start_IT             0x08006b17   Thumb Code    56  stm32f1xx_hal_tim_ex.o(.text)
    HAL_TIMEx_OnePulseN_Stop_IT              0x08006b4f   Thumb Code   120  stm32f1xx_hal_tim_ex.o(.text)
    HAL_TIMEx_ConfigCommutationEvent         0x08006bc7   Thumb Code   110  stm32f1xx_hal_tim_ex.o(.text)
    HAL_TIMEx_ConfigCommutationEvent_IT      0x08006c35   Thumb Code   122  stm32f1xx_hal_tim_ex.o(.text)
    HAL_TIMEx_CommutationCallback            0x08006caf   Thumb Code     2  stm32f1xx_hal_tim_ex.o(.text)
    TIMEx_DMACommutationCplt                 0x08006cb1   Thumb Code    20  stm32f1xx_hal_tim_ex.o(.text)
    HAL_TIMEx_ConfigCommutationEvent_DMA     0x08006cc5   Thumb Code   146  stm32f1xx_hal_tim_ex.o(.text)
    HAL_TIMEx_ConfigBreakDeadTime            0x08006d57   Thumb Code    80  stm32f1xx_hal_tim_ex.o(.text)
    HAL_TIMEx_MasterConfigSynchronization    0x08006da7   Thumb Code    98  stm32f1xx_hal_tim_ex.o(.text)
    HAL_TIMEx_BreakCallback                  0x08006e09   Thumb Code     2  stm32f1xx_hal_tim_ex.o(.text)
    HAL_TIMEx_HallSensor_GetState            0x08006e0b   Thumb Code     8  stm32f1xx_hal_tim_ex.o(.text)
    HAL_UART_MspInit                         0x08006f3b   Thumb Code     2  stm32f1xx_hal_uart.o(.text)
    HAL_UART_Init                            0x08006f3d   Thumb Code   110  stm32f1xx_hal_uart.o(.text)
    HAL_HalfDuplex_Init                      0x08006fab   Thumb Code   108  stm32f1xx_hal_uart.o(.text)
    HAL_LIN_Init                             0x08007017   Thumb Code   124  stm32f1xx_hal_uart.o(.text)
    HAL_MultiProcessor_Init                  0x08007093   Thumb Code   128  stm32f1xx_hal_uart.o(.text)
    HAL_UART_MspDeInit                       0x08007113   Thumb Code     2  stm32f1xx_hal_uart.o(.text)
    HAL_UART_DeInit                          0x08007115   Thumb Code    68  stm32f1xx_hal_uart.o(.text)
    HAL_UART_Transmit                        0x08007259   Thumb Code   240  stm32f1xx_hal_uart.o(.text)
    HAL_UART_Receive                         0x08007349   Thumb Code   248  stm32f1xx_hal_uart.o(.text)
    HAL_UART_Transmit_IT                     0x08007441   Thumb Code   122  stm32f1xx_hal_uart.o(.text)
    HAL_UART_Receive_IT                      0x080074bb   Thumb Code   134  stm32f1xx_hal_uart.o(.text)
    HAL_UART_ErrorCallback                   0x08007541   Thumb Code     2  stm32f1xx_hal_uart.o(.text)
    HAL_UART_TxHalfCpltCallback              0x08007565   Thumb Code     2  stm32f1xx_hal_uart.o(.text)
    HAL_UART_TxCpltCallback                  0x08007575   Thumb Code     2  stm32f1xx_hal_uart.o(.text)
    HAL_UART_Transmit_DMA                    0x080075ad   Thumb Code   156  stm32f1xx_hal_uart.o(.text)
    HAL_UART_RxHalfCpltCallback              0x08007649   Thumb Code     2  stm32f1xx_hal_uart.o(.text)
    HAL_UART_RxCpltCallback                  0x08007659   Thumb Code     2  stm32f1xx_hal_uart.o(.text)
    HAL_UART_Receive_DMA                     0x08007699   Thumb Code   146  stm32f1xx_hal_uart.o(.text)
    HAL_UART_DMAPause                        0x0800772b   Thumb Code   118  stm32f1xx_hal_uart.o(.text)
    HAL_UART_DMAResume                       0x080077a1   Thumb Code   156  stm32f1xx_hal_uart.o(.text)
    HAL_UART_DMAStop                         0x0800783d   Thumb Code    46  stm32f1xx_hal_uart.o(.text)
    HAL_UART_IRQHandler                      0x080079d3   Thumb Code   294  stm32f1xx_hal_uart.o(.text)
    HAL_LIN_SendBreak                        0x08007af9   Thumb Code    62  stm32f1xx_hal_uart.o(.text)
    HAL_MultiProcessor_EnterMuteMode         0x08007b37   Thumb Code    62  stm32f1xx_hal_uart.o(.text)
    HAL_MultiProcessor_ExitMuteMode          0x08007b75   Thumb Code    62  stm32f1xx_hal_uart.o(.text)
    HAL_HalfDuplex_EnableTransmitter         0x08007bb3   Thumb Code    66  stm32f1xx_hal_uart.o(.text)
    HAL_HalfDuplex_EnableReceiver            0x08007bf5   Thumb Code    64  stm32f1xx_hal_uart.o(.text)
    HAL_UART_GetState                        0x08007c35   Thumb Code     8  stm32f1xx_hal_uart.o(.text)
    HAL_UART_GetError                        0x08007c3d   Thumb Code     6  stm32f1xx_hal_uart.o(.text)
    NVIC_SetVector                           0x08007c45   Thumb Code    62  cmsis_nvic.o(.text)
    NVIC_GetVector                           0x08007c83   Thumb Code    16  cmsis_nvic.o(.text)
    timer_irq_handler                        0x08007c99   Thumb Code   188  hal_tick.o(.text)
    HAL_InitTick                             0x08007d55   Thumb Code   212  hal_tick.o(.text)
    SystemCoreClockUpdate                    0x08007e4d   Thumb Code   142  system_stm32f1xx.o(.text)
    SetSysClock_PLL_HSI                      0x08007edb   Thumb Code    88  system_stm32f1xx.o(.text)
    SetSysClock_PLL_HSE                      0x08007f33   Thumb Code    92  system_stm32f1xx.o(.text)
    SetSysClock                              0x08007f8f   Thumb Code    30  system_stm32f1xx.o(.text)
    SystemInit                               0x08007fad   Thumb Code   116  system_stm32f1xx.o(.text)
    gpio_set                                 0x08008041   Thumb Code    40  gpio_api.o(.text)
    gpio_init                                0x08008069   Thumb Code    60  gpio_api.o(.text)
    gpio_mode                                0x080080a5   Thumb Code    18  gpio_api.o(.text)
    gpio_dir                                 0x080080b7   Thumb Code    56  gpio_api.o(.text)
    mbed_sdk_init                            0x08008155   Thumb Code    12  mbed_overrides.o(.text)
    Set_GPIO_Clock                           0x08008161   Thumb Code   164  pinmap.o(.text)
    pin_function                             0x08008205   Thumb Code   342  pinmap.o(.text)
    pin_mode                                 0x0800835b   Thumb Code   254  pinmap.o(.text)
    port_pin                                 0x080084e1   Thumb Code    10  port_api.o(.text)
    port_dir                                 0x080084eb   Thumb Code    72  port_api.o(.text)
    port_init                                0x08008533   Thumb Code    54  port_api.o(.text)
    port_mode                                0x08008569   Thumb Code    48  port_api.o(.text)
    port_write                               0x08008599   Thumb Code    18  port_api.o(.text)
    port_read                                0x080085ab   Thumb Code    28  port_api.o(.text)
    pwmout_write                             0x080085c9   Thumb Code   256  pwmout_api.o(.text)
    pwmout_read                              0x080086c9   Thumb Code    60  pwmout_api.o(.text)
    pwmout_period_us                         0x08008705   Thumb Code   120  pwmout_api.o(.text)
    pwmout_init                              0x0800877d   Thumb Code   164  pwmout_api.o(.text)
    pwmout_free                              0x08008821   Thumb Code    16  pwmout_api.o(.text)
    pwmout_period                            0x08008831   Thumb Code    36  pwmout_api.o(.text)
    pwmout_period_ms                         0x08008855   Thumb Code    22  pwmout_api.o(.text)
    pwmout_pulsewidth_us                     0x0800886b   Thumb Code    44  pwmout_api.o(.text)
    pwmout_pulsewidth                        0x08008897   Thumb Code    36  pwmout_api.o(.text)
    pwmout_pulsewidth_ms                     0x080088bb   Thumb Code    22  pwmout_api.o(.text)
    serial_init                              0x0800895b   Thumb Code   272  serial_api.o(.text)
    serial_free                              0x08008a6b   Thumb Code   156  serial_api.o(.text)
    serial_baud                              0x08008b07   Thumb Code    16  serial_api.o(.text)
    serial_format                            0x08008b17   Thumb Code    98  serial_api.o(.text)
    serial_irq_handler                       0x08008bf9   Thumb Code    16  serial_api.o(.text)
    serial_irq_set                           0x08008c09   Thumb Code   376  serial_api.o(.text)
    serial_readable                          0x08008d81   Thumb Code    20  serial_api.o(.text)
    serial_getc                              0x08008d95   Thumb Code    36  serial_api.o(.text)
    serial_writable                          0x08008db9   Thumb Code    20  serial_api.o(.text)
    serial_putc                              0x08008dcd   Thumb Code    38  serial_api.o(.text)
    serial_clear                             0x08008df3   Thumb Code    24  serial_api.o(.text)
    serial_pinout_tx                         0x08008e0b   Thumb Code    14  serial_api.o(.text)
    serial_break_set                         0x08008e19   Thumb Code    18  serial_api.o(.text)
    serial_break_clear                       0x08008e2b   Thumb Code     2  serial_api.o(.text)
    set_compare                              0x08008e35   Thumb Code    28  us_ticker.o(.text)
    us_ticker_init                           0x08008e51   Thumb Code    26  us_ticker.o(.text)
    us_ticker_read                           0x08008e6b   Thumb Code    58  us_ticker.o(.text)
    us_ticker_set_interrupt                  0x08008ea5   Thumb Code    96  us_ticker.o(.text)
    us_ticker_disable_interrupt              0x08008f05   Thumb Code    22  us_ticker.o(.text)
    us_ticker_clear_interrupt                0x08008f1b   Thumb Code    28  us_ticker.o(.text)
    mbed_assert_internal                     0x08008f51   Thumb Code    22  assert.o(.text)
    mbed_die                                 0x08008f9d   Thumb Code    18  board.o(.text)
    error                                    0x08008fb1   Thumb Code    28  error.o(.text)
    gpio_init_in_ex                          0x08009059   Thumb Code    20  gpio.o(.text)
    gpio_init_in                             0x0800906d   Thumb Code    18  gpio.o(.text)
    gpio_init_out_ex                         0x0800907f   Thumb Code    22  gpio.o(.text)
    gpio_init_out                            0x08009095   Thumb Code    18  gpio.o(.text)
    gpio_init_inout                          0x080090a7   Thumb Code    56  gpio.o(.text)
    pinmap_pinout                            0x08009135   Thumb Code    62  pinmap_common.o(.text)
    pinmap_merge                             0x08009173   Thumb Code    42  pinmap_common.o(.text)
    pinmap_find_peripheral                   0x0800919d   Thumb Code    32  pinmap_common.o(.text)
    pinmap_peripheral                        0x080091bd   Thumb Code    44  pinmap_common.o(.text)
    pinmap_find_function                     0x080091e9   Thumb Code    32  pinmap_common.o(.text)
    pinmap_function                          0x08009209   Thumb Code    44  pinmap_common.o(.text)
    ticker_set_handler                       0x0800929d   Thumb Code    18  ticker_api.o(.text)
    ticker_irq_handler                       0x080092af   Thumb Code    90  ticker_api.o(.text)
    ticker_insert_event                      0x08009309   Thumb Code    80  ticker_api.o(.text)
    ticker_remove_event                      0x08009359   Thumb Code    82  ticker_api.o(.text)
    ticker_read                              0x080093ab   Thumb Code    12  ticker_api.o(.text)
    ticker_get_next_timestamp                0x080093b7   Thumb Code    26  ticker_api.o(.text)
    get_us_ticker_data                       0x080093d1   Thumb Code     4  us_ticker_api.o(.text)
    us_ticker_irq_handler                    0x080093d5   Thumb Code    10  us_ticker_api.o(.text)
    wait_us                                  0x080093e5   Thumb Code    24  wait_api.o(.text)
    wait                                     0x080093fd   Thumb Code    26  wait_api.o(.text)
    wait_ms                                  0x08009417   Thumb Code    18  wait_api.o(.text)
    mbed::BusOut::BusOut(PinName, PinName, PinName, PinName, PinName, PinName, PinName, PinName, PinName, PinName, PinName, PinName, PinName, PinName, PinName, PinName) 0x0800942d   Thumb Code   184  busout.o(.text)
    mbed::BusOut::BusOut__sub_object(PinName, PinName, PinName, PinName, PinName, PinName, PinName, PinName, PinName, PinName, PinName, PinName, PinName, PinName, PinName, PinName) 0x0800942d   Thumb Code     0  busout.o(.text)
    mbed::BusOut::BusOut(PinName*)           0x080094e5   Thumb Code    82  busout.o(.text)
    mbed::BusOut::BusOut__sub_object(PinName*) 0x080094e5   Thumb Code     0  busout.o(.text)
    mbed::BusOut::~BusOut()                  0x08009537   Thumb Code    40  busout.o(.text)
    mbed::BusOut::~BusOut__sub_object()      0x08009537   Thumb Code     0  busout.o(.text)
    mbed::BusOut::~BusOut__deallocating()    0x0800955f   Thumb Code    18  busout.o(.text)
    mbed::BusOut::write(int)                 0x08009571   Thumb Code    44  busout.o(.text)
    mbed::BusOut::read()                     0x0800959d   Thumb Code    88  busout.o(.text)
    mbed::BusOut::operator =(int)            0x080095f5   Thumb Code    18  busout.o(.text)
    mbed::BusOut::operator =(mbed::BusOut&)  0x08009607   Thumb Code    26  busout.o(.text)
    mbed::BusOut::operator [](int)           0x08009621   Thumb Code    58  busout.o(.text)
    mbed::BusOut::operator int()             0x0800965b   Thumb Code    12  busout.o(.text)
    mbed::FileBase::FileBase(const char*, mbed::PathType) 0x08009701   Thumb Code    32  filebase.o(.text)
    mbed::FileBase::FileBase__sub_object(const char*, mbed::PathType) 0x08009701   Thumb Code     0  filebase.o(.text)
    mbed::FileBase::~FileBase()              0x08009721   Thumb Code    46  filebase.o(.text)
    mbed::FileBase::~FileBase__sub_object()  0x08009721   Thumb Code     0  filebase.o(.text)
    mbed::FileBase::~FileBase__deallocating() 0x0800974f   Thumb Code    18  filebase.o(.text)
    mbed::FileBase::getName()                0x08009761   Thumb Code     6  filebase.o(.text)
    mbed::FileBase::getPathType()            0x08009767   Thumb Code     6  filebase.o(.text)
    mbed::FileBase::lookup(const char*, unsigned) 0x0800976d   Thumb Code    52  filebase.o(.text)
    mbed::FileBase::get(int)                 0x080097a1   Thumb Code    30  filebase.o(.text)
    mbed::FileLike::FileLike__sub_object(const char*) 0x080097c9   Thumb Code    34  filelike.o(.text)
    mbed::FileLike::~FileLike()              0x080097eb   Thumb Code     0  filelike.o(.text)
    mbed::FileLike::~FileLike__sub_object()  0x080097eb   Thumb Code    24  filelike.o(.text)
    mbed::FileLike::~FileLike__deallocating() 0x08009803   Thumb Code    18  filelike.o(.text)
    thunk{-4} to mbed::FileLike::~FileLike__deallocating() 0x08009815   Thumb Code    14  filelike.o(.text)
    thunk{-4} to mbed::FileLike::~FileLike() 0x08009823   Thumb Code    14  filelike.o(.text)
    mbed::FilePath::FilePath(const char*)    0x08009839   Thumb Code    86  filepath.o(.text)
    mbed::FilePath::FilePath__sub_object(const char*) 0x08009839   Thumb Code     0  filepath.o(.text)
    mbed::FilePath::fileName()               0x0800988f   Thumb Code     6  filepath.o(.text)
    mbed::FilePath::isFileSystem()           0x08009895   Thumb Code    28  filepath.o(.text)
    mbed::FilePath::fileSystem()             0x080098b1   Thumb Code    20  filepath.o(.text)
    mbed::FilePath::isFile()                 0x080098c5   Thumb Code    28  filepath.o(.text)
    mbed::FilePath::file()                   0x080098e1   Thumb Code    30  filepath.o(.text)
    mbed::FilePath::exists()                 0x080098ff   Thumb Code    14  filepath.o(.text)
    mbed::FileSystemLike::FileSystemLike__sub_object(const char*) 0x0800990d   Thumb Code    26  filesystemlike.o(.text)
    mbed::FileSystemLike::~FileSystemLike()  0x08009927   Thumb Code     0  filesystemlike.o(.text)
    mbed::FileSystemLike::~FileSystemLike__sub_object() 0x08009927   Thumb Code    16  filesystemlike.o(.text)
    mbed::FileSystemLike::~FileSystemLike__deallocating() 0x08009937   Thumb Code    18  filesystemlike.o(.text)
    mbed::FileSystemLike::opendir()          0x08009949   Thumb Code    44  filesystemlike.o(.text)
    _sys_open                                0x08009999   Thumb Code   256  retarget.o(.text)
    _sys_close                               0x08009a99   Thumb Code    44  retarget.o(.text)
    _sys_write                               0x08009ac5   Thumb Code    88  retarget.o(.text)
    _sys_read                                0x08009b1d   Thumb Code    78  retarget.o(.text)
    _sys_istty                               0x08009b6b   Thumb Code    38  retarget.o(.text)
    _sys_seek                                0x08009b91   Thumb Code    44  retarget.o(.text)
    _sys_ensure                              0x08009bbd   Thumb Code    38  retarget.o(.text)
    _sys_flen                                0x08009be3   Thumb Code    38  retarget.o(.text)
    remove                                   0x08009c09   Thumb Code    54  retarget.o(.text)
    rename                                   0x08009c3f   Thumb Code    88  retarget.o(.text)
    tmpnam                                   0x08009c97   Thumb Code     6  retarget.o(.text)
    tmpfile                                  0x08009c9d   Thumb Code     4  retarget.o(.text)
    _sys_command_string                      0x08009ca1   Thumb Code     6  retarget.o(.text)
    opendir                                  0x08009ca7   Thumb Code    68  retarget.o(.text)
    readdir                                  0x08009ceb   Thumb Code    14  retarget.o(.text)
    closedir                                 0x08009cf9   Thumb Code    14  retarget.o(.text)
    rewinddir                                0x08009d07   Thumb Code    14  retarget.o(.text)
    telldir                                  0x08009d15   Thumb Code    14  retarget.o(.text)
    seekdir                                  0x08009d23   Thumb Code    18  retarget.o(.text)
    mkdir                                    0x08009d35   Thumb Code    84  retarget.o(.text)
    mbed_main                                0x08009d89   Thumb Code     2  retarget.o(.text)
    main                                     0x08009d8d   Thumb Code    16  retarget.o(.text)
    exit                                     0x08009d9d   Thumb Code    24  retarget.o(.text)
    mbed::FileHandle::~FileHandle()          0x08009db5   Thumb Code     0  retarget.o(.text)
    mbed::FileHandle::~FileHandle__sub_object() 0x08009db5   Thumb Code    38  retarget.o(.text)
    mbed::FileHandle::~FileHandle__deallocating() 0x08009ddb   Thumb Code    18  retarget.o(.text)
    mbed::mbed_set_unbuffered_stream(std::__FILE*) 0x08009ded   Thumb Code    14  retarget.o(.text)
    mbed::mbed_getc(std::__FILE*)            0x08009dfb   Thumb Code    12  retarget.o(.text)
    mbed::mbed_gets(char*, int, std::__FILE*) 0x08009e07   Thumb Code    20  retarget.o(.text)
    mbed::Serial::Serial(PinName, PinName, const char*) 0x08009e2d   Thumb Code    56  serial.o(.text)
    mbed::Serial::Serial__sub_object(PinName, PinName, const char*) 0x08009e2d   Thumb Code     0  serial.o(.text)
    mbed::Serial::_getc()                    0x08009e65   Thumb Code    12  serial.o(.text)
    thunk{-84} to mbed::Serial::_getc()      0x08009e71   Thumb Code    14  serial.o(.text)
    mbed::Serial::_putc(int)                 0x08009e7f   Thumb Code    16  serial.o(.text)
    thunk{-84} to mbed::Serial::_putc(int)   0x08009e8f   Thumb Code    18  serial.o(.text)
    mbed::SerialBase::baud(int)              0x08009eb9   Thumb Code    18  serialbase.o(.text)
    mbed::SerialBase::format(int, mbed::SerialBase::Parity, int) 0x08009ecb   Thumb Code    28  serialbase.o(.text)
    mbed::SerialBase::readable()             0x08009ee7   Thumb Code    12  serialbase.o(.text)
    mbed::SerialBase::writeable()            0x08009ef3   Thumb Code    12  serialbase.o(.text)
    mbed::SerialBase::attach(void(*)(), mbed::SerialBase::IrqType) 0x08009eff   Thumb Code    52  serialbase.o(.text)
    mbed::SerialBase::send_break()           0x08009f33   Thumb Code    32  serialbase.o(.text)
    mbed::SerialBase::_irq_handler(unsigned, SerialIrq) 0x08009f53   Thumb Code    60  serialbase.o(.text)
    mbed::SerialBase::SerialBase(PinName, PinName) 0x08009f8f   Thumb Code    70  serialbase.o(.text)
    mbed::SerialBase::SerialBase__sub_object(PinName, PinName) 0x08009f8f   Thumb Code     0  serialbase.o(.text)
    mbed::SerialBase::_base_getc()           0x08009fd5   Thumb Code    12  serialbase.o(.text)
    mbed::SerialBase::_base_putc(int)        0x08009fe1   Thumb Code    18  serialbase.o(.text)
    mbed::Stream::Stream__sub_object(const char*) 0x0800a001   Thumb Code    58  stream.o(.text)
    mbed::Stream::~Stream()                  0x0800a03b   Thumb Code     0  stream.o(.text)
    mbed::Stream::~Stream__sub_object()      0x0800a03b   Thumb Code    30  stream.o(.text)
    mbed::Stream::~Stream__deallocating()    0x0800a059   Thumb Code    18  stream.o(.text)
    thunk{-4} to mbed::Stream::~Stream__deallocating() 0x0800a06b   Thumb Code    14  stream.o(.text)
    thunk{-4} to mbed::Stream::~Stream()     0x0800a079   Thumb Code    14  stream.o(.text)
    mbed::Stream::putc(int)                  0x0800a087   Thumb Code    22  stream.o(.text)
    mbed::Stream::puts(const char*)          0x0800a09d   Thumb Code    22  stream.o(.text)
    mbed::Stream::getc()                     0x0800a0b3   Thumb Code    18  stream.o(.text)
    mbed::Stream::gets(char*, int)           0x0800a0c5   Thumb Code    26  stream.o(.text)
    mbed::Stream::printf(const char*, ...)   0x0800a0df   Thumb Code    40  stream.o(.text)
    mbed::Stream::scanf(const char*, ...)    0x0800a107   Thumb Code    40  stream.o(.text)
    mbed::Stream::close()                    0x0800a12f   Thumb Code     6  stream.o(.text)
    mbed::Stream::write(const void*, unsigned) 0x0800a135   Thumb Code    48  stream.o(.text)
    mbed::Stream::read(void*, unsigned)      0x0800a165   Thumb Code    54  stream.o(.text)
    mbed::Stream::lseek(long, int)           0x0800a19b   Thumb Code     6  stream.o(.text)
    mbed::Stream::isatty()                   0x0800a1a1   Thumb Code     6  stream.o(.text)
    mbed::Stream::fsync()                    0x0800a1a7   Thumb Code     6  stream.o(.text)
    mbed::Stream::flen()                     0x0800a1ad   Thumb Code     6  stream.o(.text)
    fgetc                                    0x0800a1c1   Thumb Code    56  fgetc_bpf.o(.text)
    __backspace                              0x0800a1f9   Thumb Code    22  fgetc_bpf.o(.text)
    _initio                                  0x0800a211   Thumb Code    20  initio_oe.o(.text)
    fputs                                    0x0800a231   Thumb Code    34  fputs_e.o(.text)
    fputc                                    0x0800a253   Thumb Code    40  fputc_fp.o(.text)
    __aeabi_llsr                             0x0800a27b   Thumb Code    32  llushr.o(.text)
    _ll_ushift_r                             0x0800a27b   Thumb Code     0  llushr.o(.text)
    ___aeabi_memcpy8$move                    0x0800a29b   Thumb Code     0  memmovea.o(.text)
    __aeabi_memcpy                           0x0800a29b   Thumb Code    64  memmovea.o(.text)
    __aeabi_memcpy4                          0x0800a29b   Thumb Code     0  memmovea.o(.text)
    __aeabi_memmove                          0x0800a29b   Thumb Code     0  memmovea.o(.text)
    __aeabi_memmove4                         0x0800a29b   Thumb Code     0  memmovea.o(.text)
    __aeabi_memmove8                         0x0800a29b   Thumb Code     0  memmovea.o(.text)
    __aeabi_memset                           0x0800a2db   Thumb Code    14  memseta.o(.text)
    __aeabi_memset4                          0x0800a2db   Thumb Code     0  memseta.o(.text)
    __aeabi_memset8                          0x0800a2db   Thumb Code     0  memseta.o(.text)
    __aeabi_memclr                           0x0800a2e9   Thumb Code     4  memseta.o(.text)
    __aeabi_memclr4                          0x0800a2e9   Thumb Code     0  memseta.o(.text)
    __aeabi_memclr8                          0x0800a2e9   Thumb Code     0  memseta.o(.text)
    memset                                   0x0800a2ed   Thumb Code    18  memseta.o(.text)
    strncpy                                  0x0800a2ff   Thumb Code    24  strncpy.o(.text)
    strlen                                   0x0800a317   Thumb Code    14  strlen.o(.text)
    strcmp                                   0x0800a325   Thumb Code    28  strcmp.o(.text)
    strncmp                                  0x0800a341   Thumb Code    30  strncmp.o(.text)
    vfscanf                                  0x0800a35f   Thumb Code    16  vfscanf.o(.text)
    __0sscanf                                0x0800a371   Thumb Code    48  __0sscanf.o(.text)
    _scanf_int                               0x0800a3a9   Thumb Code   332  _scanf_int.o(.text)
    __cpp_initialize__aeabi_                 0x0800a4f5   Thumb Code    22  cpp_init.o(.text)
    __aeabi_fadd                             0x0800a515   Thumb Code   164  fadd.o(.text)
    __aeabi_fsub                             0x0800a5b9   Thumb Code     6  fadd.o(.text)
    __aeabi_frsub                            0x0800a5bf   Thumb Code     6  fadd.o(.text)
    __aeabi_fmul                             0x0800a5c5   Thumb Code   100  fmul.o(.text)
    __aeabi_fdiv                             0x0800a629   Thumb Code   124  fdiv.o(.text)
    __aeabi_ddiv                             0x0800a6a5   Thumb Code   222  ddiv.o(.text)
    __aeabi_i2f                              0x0800a783   Thumb Code    18  fflti.o(.text)
    __aeabi_ui2f                             0x0800a795   Thumb Code    10  ffltui.o(.text)
    __aeabi_i2d                              0x0800a79f   Thumb Code    34  dflti.o(.text)
    __aeabi_f2iz                             0x0800a7c1   Thumb Code    50  ffixi.o(.text)
    __aeabi_f2uiz                            0x0800a7f3   Thumb Code    40  ffixui.o(.text)
    __aeabi_d2f                              0x0800a81b   Thumb Code    56  d2f.o(.text)
    __aeabi_cfcmpeq                          0x0800a855   Thumb Code     0  cfcmple.o(.text)
    __aeabi_cfcmple                          0x0800a855   Thumb Code    20  cfcmple.o(.text)
    __aeabi_cfrcmple                         0x0800a869   Thumb Code    20  cfrcmple.o(.text)
    __default_new_handler()                  0x0800a87d   Thumb Code     4  arm_newhandler_noexceptions.o(.text)
    __aeabi_uidiv                            0x0800a881   Thumb Code     0  uidiv.o(.text)
    __aeabi_uidivmod                         0x0800a881   Thumb Code    44  uidiv.o(.text)
    __aeabi_uldivmod                         0x0800a8ad   Thumb Code    98  uldiv.o(.text)
    _chval                                   0x0800a90f   Thumb Code    28  _chval.o(.text)
    _scanf_longlong                          0x0800a92b   Thumb Code   342  _scanf_longlong.o(.text)
    _scanf_string                            0x0800aa81   Thumb Code   218  _scanf_str.o(.text)
    _scanf_real                              0x0800ac5d   Thumb Code     0  scanf_fp.o(.text)
    _scanf_really_real                       0x0800ac5d   Thumb Code   556  scanf_fp.o(.text)
    __vfscanf_char                           0x0800aea1   Thumb Code    20  scanf_char.o(.text)
    _sgetc                                   0x0800aebd   Thumb Code    30  _sgetc.o(.text)
    _sbackspace                              0x0800aedb   Thumb Code    34  _sgetc.o(.text)
    __vfscanf_char_file                      0x0800aefd   Thumb Code    12  scanf_char_file.o(.text)
    __I$use$fp                               0x0800af11   Thumb Code     0  iusefp.o(.text)
    __rt_ddtor_pointer_addr                  0x0800af11   Thumb Code     4  cpp_dtor.o(.text)
    __rt_lib_shutdown_cpp_1                  0x0800af19   Thumb Code     2  cpp_final.o(.text)
    __rt_new_handler_addr                    0x0800af1d   Thumb Code     4  cpp_memory.o(.text)
    __rt_SIGPVFN                             0x0800af25   Thumb Code     2  cpp_signal.o(.text)
    __aeabi_unwind_cpp_pr0                   0x0800af29   Thumb Code     4  cpp_unwinder.o(.text)
    __aeabi_unwind_cpp_pr1                   0x0800af2d   Thumb Code     4  cpp_unwinder.o(.text)
    _Unwind_DeleteException                  0x0800af31   Thumb Code     2  cpp_unwinder.o(.text)
    _Unwind_Activity                         0x0800af33   Thumb Code     2  cpp_unwinder.o(.text)
    _Unwind_RaiseException                   0x0800af35   Thumb Code     4  cpp_unwinder.o(.text)
    __rt_eh_globals_addr                     0x0800af39   Thumb Code    10  cpp_unwinder.o(.text)
    _float_round                             0x0800af49   Thumb Code    18  fepilogue.o(.text)
    _float_epilogue                          0x0800af5b   Thumb Code    92  fepilogue.o(.text)
    _double_round                            0x0800afb7   Thumb Code    26  depilogue.o(.text)
    _double_epilogue                         0x0800afd1   Thumb Code   156  depilogue.o(.text)
    __aeabi_dadd                             0x0800b06d   Thumb Code   322  dadd.o(.text)
    __aeabi_dsub                             0x0800b1af   Thumb Code     6  dadd.o(.text)
    __aeabi_drsub                            0x0800b1b5   Thumb Code     6  dadd.o(.text)
    __aeabi_dmul                             0x0800b1bb   Thumb Code   228  dmul.o(.text)
    __aeabi_d2ulz                            0x0800b29f   Thumb Code    48  dfixul.o(.text)
    __aeabi_cdrcmple                         0x0800b2d1   Thumb Code    38  cdrcmple.o(.text)
    std::terminate()                         0x0800b2f9   Thumb Code    26  arm_exceptions_terminate.o(.text)
    __scatterload                            0x0800b315   Thumb Code    28  init.o(.text)
    __scatterload_rt2                        0x0800b315   Thumb Code     0  init.o(.text)
    __aeabi_llsl                             0x0800b339   Thumb Code    30  llshl.o(.text)
    _ll_shift_l                              0x0800b339   Thumb Code     0  llshl.o(.text)
    __aeabi_lasr                             0x0800b357   Thumb Code    36  llsshr.o(.text)
    _ll_sshift_r                             0x0800b357   Thumb Code     0  llsshr.o(.text)
    isspace                                  0x0800b37b   Thumb Code    10  isspace_c.o(.text)
    __vfscanf                                0x0800b385   Thumb Code   802  _scanf.o(.text)
    __aeabi_ul2d                             0x0800b6ad   Thumb Code    24  dfltul.o(.text)
    __cxa_get_globals                        0x0800b6cb   Thumb Code    62  arm_exceptions_globs.o(.text)
    __ctype_lookup                           0x0800b715   Thumb Code    34  ctype_c.o(.text)
    __ARM_exceptions_buffer_init             0x0800b73d   Thumb Code    18  arm_exceptions_mem.o(.text)
    __ARM_exceptions_buffer_allocate         0x0800b74f   Thumb Code    22  arm_exceptions_mem.o(.text)
    __ARM_exceptions_buffer_free             0x0800b765   Thumb Code    20  arm_exceptions_mem.o(.text)
    mbed::DigitalOut::write(int)             0x0800b779   Thumb Code    54  busout.o(i._ZN4mbed10DigitalOut5writeEi)
    mbed::DigitalOut::DigitalOut(PinName)    0x0800b7b5   Thumb Code    26  matrix.o(i._ZN4mbed10DigitalOutC1E7PinName)
    mbed::DigitalOut::DigitalOut__sub_object(PinName) 0x0800b7b5   Thumb Code     0  matrix.o(i._ZN4mbed10DigitalOutC1E7PinName)
    mbed::DigitalOut::operator =(int)        0x0800b7cf   Thumb Code    18  matrix.o(i._ZN4mbed10DigitalOutaSEi)
    mbed::FileHandle::flen()                 0x0800b7e1   Thumb Code    58  filelike.o(i._ZN4mbed10FileHandle4flenEv)
    mbed::BaseDirHandle::readdir()           0x0800b81b   Thumb Code    50  filesystemlike.o(i._ZN4mbed13BaseDirHandle7readdirEv)
    mbed::BaseDirHandle::seekdir(long)       0x0800b84d   Thumb Code     4  filesystemlike.o(i._ZN4mbed13BaseDirHandle7seekdirEl)
    mbed::BaseDirHandle::telldir()           0x0800b851   Thumb Code     6  filesystemlike.o(i._ZN4mbed13BaseDirHandle7telldirEv)
    mbed::BaseDirHandle::closedir()          0x0800b857   Thumb Code    18  filesystemlike.o(i._ZN4mbed13BaseDirHandle8closedirEv)
    mbed::BaseDirHandle::rewinddir()         0x0800b869   Thumb Code     6  filesystemlike.o(i._ZN4mbed13BaseDirHandle9rewinddirEv)
    mbed::BaseDirHandle::~BaseDirHandle__deallocating() 0x0800b86f   Thumb Code    18  filesystemlike.o(i._ZN4mbed13BaseDirHandleD0Ev)
    mbed::BaseDirHandle::~BaseDirHandle()    0x0800b881   Thumb Code     4  filesystemlike.o(i._ZN4mbed13BaseDirHandleD1Ev)
    mbed::BaseDirHandle::~BaseDirHandle__sub_object() 0x0800b881   Thumb Code     0  filesystemlike.o(i._ZN4mbed13BaseDirHandleD1Ev)
    mbed::FileSystemLike::mkdir(const char*, int) 0x0800b885   Thumb Code     8  filesystemlike.o(i._ZN4mbed14FileSystemLike5mkdirEPKci)
    mbed::FileSystemLike::remove(const char*) 0x0800b88d   Thumb Code     8  filesystemlike.o(i._ZN4mbed14FileSystemLike6removeEPKc)
    mbed::FileSystemLike::rename(const char*, const char*) 0x0800b895   Thumb Code     8  filesystemlike.o(i._ZN4mbed14FileSystemLike6renameEPKcS2_)
    mbed::FileSystemLike::opendir(const char*) 0x0800b89d   Thumb Code     6  filesystemlike.o(i._ZN4mbed14FileSystemLike7opendirEPKc)
    mbed::PwmOut::operator =(float)          0x0800b8a3   Thumb Code    22  matrix.o(i._ZN4mbed6PwmOutaSEf)
    mbed::Serial::~Serial()                  0x0800b8b9   Thumb Code    24  main.o(i._ZN4mbed6SerialD1Ev)
    mbed::Serial::~Serial__sub_object()      0x0800b8b9   Thumb Code     0  main.o(i._ZN4mbed6SerialD1Ev)
    mbed::DirHandle::seekdir(long)           0x0800b8d1   Thumb Code     2  filesystemlike.o(i._ZN4mbed9DirHandle7seekdirEl)
    mbed::DirHandle::telldir()               0x0800b8d3   Thumb Code     8  filesystemlike.o(i._ZN4mbed9DirHandle7telldirEv)
    Matrix::requestUpdate()                  0x0800b8db   Thumb Code     8  main.o(i._ZN6Matrix13requestUpdateEv)
    operator delete (void*)                  0x0800b8e3   Thumb Code     8  delete.o(i._ZdlPv)
    operator new(unsigned)                   0x0800b8ed   Thumb Code    34  new.o(i._Znwj)
    __0sprintf$5                             0x0800b915   Thumb Code    34  printf5.o(i.__0sprintf$5)
    __1sprintf$5                             0x0800b915   Thumb Code     0  printf5.o(i.__0sprintf$5)
    __2sprintf                               0x0800b915   Thumb Code     0  printf5.o(i.__0sprintf$5)
    __0vfprintf                              0x0800b93d   Thumb Code    20  printfa.o(i.__0vfprintf)
    __1vfprintf                              0x0800b93d   Thumb Code     0  printfa.o(i.__0vfprintf)
    __2vfprintf                              0x0800b93d   Thumb Code     0  printfa.o(i.__0vfprintf)
    __c89vfprintf                            0x0800b93d   Thumb Code     0  printfa.o(i.__0vfprintf)
    vfprintf                                 0x0800b93d   Thumb Code     0  printfa.o(i.__0vfprintf)
    __aeabi_atexit                           0x0800b955   Thumb Code    50  aeabi_atexit.o(i.__aeabi_atexit)
    __aeabi_vec_ctor_nocookie_nodtor         0x0800b987   Thumb Code    36  aeabi_vec_ctor_nocookie_nodtor.o(i.__aeabi_vec_ctor_nocookie_nodtor)
    __cxa_finalize                           0x0800b9ab   Thumb Code    66  cxa_finalize.o(i.__cxa_finalize)
    __cxa_pure_virtual                       0x0800b9ed   Thumb Code     6  pure_virt.o(i.__cxa_pure_virtual)
    __scatterload_copy                       0x0800b9f3   Thumb Code    14  handlers.o(i.__scatterload_copy)
    __scatterload_null                       0x0800ba01   Thumb Code     2  handlers.o(i.__scatterload_null)
    __scatterload_zeroinit                   0x0800ba03   Thumb Code    14  handlers.o(i.__scatterload_zeroinit)
    fclose                                   0x0800ba11   Thumb Code     6  fclose_f.o(i._fclose$full)
    fflush                                   0x0800ba17   Thumb Code    24  fflush_f.o(i._fflush$full)
    fopen                                    0x0800ba2f   Thumb Code    40  fopen_f.o(i._fopen$full)
    freopen                                  0x0800bbbd   Thumb Code    94  fopen_f.o(i._freopen$full)
    _is_digit                                0x0800bc1b   Thumb Code    14  scanf_fp.o(i._is_digit)
    fgets                                    0x0800c61d   Thumb Code    60  fgets.o(i.fgets)
    free                                     0x0800c659   Thumb Code    76  malloc.o(i.free)
    malloc                                   0x0800c6a9   Thumb Code    92  malloc.o(i.malloc)
    mbed::FunctionPointerArg1<void, void>::attach(void(*)()) 0x0800c715   Thumb Code     8  interruptin.o(t._ZN4mbed19FunctionPointerArg1IvvE6attachEPFvvE)
    font_6x8                                 0x0800c980   Data        1024  font.o(.constdata)
    font_8x12                                0x0800cd80   Data        1536  font.o(.constdata)
    font_10x16                               0x0800d380   Data        4096  font.o(.constdata)
    font_12x16                               0x0800e380   Data        4096  font.o(.constdata)
    FONT_6X8                                 0x0800f380   Data          12  font.o(.constdata)
    FONT_8X12                                0x0800f38c   Data          12  font.o(.constdata)
    FONT_10X16                               0x0800f398   Data          12  font.o(.constdata)
    FONT_12X16                               0x0800f3a4   Data          12  font.o(.constdata)
    aAPBAHBPrescTable                        0x0800f3b0   Data          16  stm32f1xx_hal_rcc.o(.constdata)
    AHBPrescTable                            0x0800f3c0   Data          16  system_stm32f1xx.o(.constdata)
    PinMap_ADC                               0x0800f404   Data         204  peripheralpins.o(.constdata)
    PinMap_I2C_SDA                           0x0800f4d0   Data          48  peripheralpins.o(.constdata)
    PinMap_I2C_SCL                           0x0800f500   Data          48  peripheralpins.o(.constdata)
    PinMap_PWM                               0x0800f530   Data         300  peripheralpins.o(.constdata)
    PinMap_UART_TX                           0x0800f65c   Data          72  peripheralpins.o(.constdata)
    PinMap_UART_RX                           0x0800f6a4   Data          72  peripheralpins.o(.constdata)
    PinMap_SPI_MOSI                          0x0800f6ec   Data          48  peripheralpins.o(.constdata)
    PinMap_SPI_MISO                          0x0800f71c   Data          48  peripheralpins.o(.constdata)
    PinMap_SPI_SCLK                          0x0800f74c   Data          48  peripheralpins.o(.constdata)
    PinMap_SPI_SSEL                          0x0800f77c   Data          48  peripheralpins.o(.constdata)
    __ctype_categories                       0x0800f7c8   Data          64  ctype_c.o(.constdata)
    vtable for mbed::FileHandle              0x0800f808   Data          44  retarget.o(.constdata__ZTVN4mbed10FileHandleE)
    vtable for mbed::SerialBase              0x0800f834   Data          16  serialbase.o(.constdata__ZTVN4mbed10SerialBaseE)
    vtable for mbed::BaseDirHandle           0x0800f844   Data          36  filesystemlike.o(.constdata__ZTVN4mbed13BaseDirHandleE)
    vtable for mbed::FileSystemLike          0x0800f868   Data          36  filesystemlike.o(.constdata__ZTVN4mbed14FileSystemLikeE)
    vtable for mbed::BusOut                  0x0800f88c   Data          16  busout.o(.constdata__ZTVN4mbed6BusOutE)
    vtable for mbed::Serial                  0x0800f89c   Data          92  serial.o(.constdata__ZTVN4mbed6SerialE)
    vtable for mbed::Stream                  0x0800f8f8   Data          68  stream.o(.constdata__ZTVN4mbed6StreamE)
    vtable for mbed::FileBase                0x0800f93c   Data          16  filebase.o(.constdata__ZTVN4mbed8FileBaseE)
    vtable for mbed::FileLike                0x0800f94c   Data          60  filelike.o(.constdata__ZTVN4mbed8FileLikeE)
    vtable for mbed::DirHandle               0x0800f988   Data          36  filesystemlike.o(.constdata__ZTVN4mbed9DirHandleE)
    Region$$Table$$Base                      0x0800f9ac   Number         0  anon$$obj.o(Region$$Table)
    Region$$Table$$Limit                     0x0800f9cc   Number         0  anon$$obj.o(Region$$Table)
    SHT$$INIT_ARRAY$$Base                    0x0800f9cc   Number         0  main.o(.init_array)
    SHT$$INIT_ARRAY$$Limit                   0x0800f9d0   Number         0  cpp_init.o(.init_array)
    message                                  0x200000ec   Data           1  main.o(.data)
    red_matrix_buf                           0x200000f0   Data           4  main.o(.data)
    green_matrix_buf                         0x200000f4   Data           4  main.o(.data)
    PreviousVal                              0x20000100   Data           4  hal_tick.o(.data)
    SystemCoreClock                          0x20000104   Data           4  system_stm32f1xx.o(.data)
    stdio_uart_inited                        0x2000010c   Data           4  serial_api.o(.data)
    SlaveCounter                             0x20000114   Data           4  us_ticker.o(.data)
    oc_int_part                              0x20000118   Data           4  us_ticker.o(.data)
    oc_rem_part                              0x2000011c   Data           2  us_ticker.o(.data)
    mbed::FileBase::_head                    0x20000128   Data           4  filebase.o(.data)
    __microlib_freelist                      0x20000140   Data           4  mvars.o(.data)
    __microlib_freelist_initialised          0x20000144   Data           4  mvars.o(.data)
    uart                                     0x20000148   Data         108  main.o(.bss)
    messageBuf                               0x200001b4   Data          16  main.o(.bss)
    imageBuf                                 0x200001c4   Data        4096  main.o(.bss)
    matrix                                   0x200011c4   Data        2216  main.o(.bss)
    timer_handle                             0x20001a6c   Data          60  main.o(.bss)
    TimMasterHandle                          0x20001aa8   Data          60  hal_tick.o(.bss)
    UartHandle                               0x20001b2c   Data          64  serial_api.o(.bss)
    stdio_uart                               0x20001b6c   Data          28  serial_api.o(.bss)
    __stdout                                 0x20001c04   Data          20  stdout_f.o(.bss)
    __stderr                                 0x20001c18   Data          20  stderr_f.o(.bss)
    __heap_base                              0x20001c30   Data           0  startup_stm32f103xb.o(HEAP)
    Image$$RW_IRAM1$$ZI$$Limit               0x20002030   Number         0  anon$$obj.o ABSOLUTE
    __heap_limit                             0x20004c00   Number         0  startup_stm32f103xb.o ABSOLUTE
    __initial_sp                             0x20005000   Number         0  startup_stm32f103xb.o ABSOLUTE



==============================================================================

Memory Map of the image

  Image Entry point : 0x080000ed

  Load Region LR_IROM1 (Base: 0x08000000, Size: 0x0000fa2c, Max: 0x00010000, ABSOLUTE)

    Execution Region ER_IROM1 (Base: 0x08000000, Size: 0x0000f9d0, Max: 0x00010000, ABSOLUTE)

    Base Addr    Size         Type   Attr      Idx    E Section Name        Object

    0x08000000   0x000000ec   Data   RO          654    RESET               startup_stm32f103xb.o
    0x080000ec   0x00000000   Code   RO         4188  * .ARM.Collect$$$$00000000  mc_w.l(entry.o)
    0x080000ec   0x00000004   Code   RO         4610    .ARM.Collect$$$$00000001  mc_w.l(entry2.o)
    0x080000f0   0x00000004   Code   RO         4613    .ARM.Collect$$$$00000004  mc_w.l(entry5.o)
    0x080000f4   0x00000004   Code   RO         4190    .ARM.Collect$$$$00000006  mc_w.l(entry6b.o)
    0x080000f8   0x00000000   Code   RO         4615    .ARM.Collect$$$$00000008  mc_w.l(entry7b.o)
    0x080000f8   0x00000004   Code   RO         4616    .ARM.Collect$$$$00000009  mc_w.l(entry8a.o)
    0x080000fc   0x00000000   Code   RO         4617    .ARM.Collect$$$$0000000A  mc_w.l(entry8b.o)
    0x080000fc   0x00000008   Code   RO         4618    .ARM.Collect$$$$0000000B  mc_w.l(entry9a.o)
    0x08000104   0x00000000   Code   RO         4620    .ARM.Collect$$$$0000000D  mc_w.l(entry10a.o)
    0x08000104   0x00000000   Code   RO         4622    .ARM.Collect$$$$0000000F  mc_w.l(entry11a.o)
    0x08000104   0x00000004   Code   RO         4611    .ARM.Collect$$$$00002712  mc_w.l(entry2.o)
    0x08000108   0x00000920   Code   RO            4    .text               main.o
    0x08000a28   0x00000798   Code   RO          444    .text               matrix.o
    0x080011c0   0x00000024   Code   RO          655    .text               startup_stm32f103xb.o
    0x080011e4   0x00000144   Code   RO          662    .text               stm32f1xx_hal.o
    0x08001328   0x000002c4   Code   RO          933    .text               stm32f1xx_hal_cortex.o
    0x080015ec   0x00000914   Code   RO         1021    .text               stm32f1xx_hal_dma.o
    0x08001f00   0x000004ac   Code   RO         1115    .text               stm32f1xx_hal_gpio.o
    0x080023ac   0x00000ed8   Code   RO         1397    .text               stm32f1xx_hal_rcc.o
    0x08003284   0x00000760   Code   RO         1424    .text               stm32f1xx_hal_rcc_ex.o
    0x080039e4   0x000026cc   Code   RO         1607    .text               stm32f1xx_hal_tim.o
    0x080060b0   0x00000d68   Code   RO         1631    .text               stm32f1xx_hal_tim_ex.o
    0x08006e18   0x00000e2a   Code   RO         1655    .text               stm32f1xx_hal_uart.o
    0x08007c42   0x00000002   PAD
    0x08007c44   0x00000054   Code   RO         1787    .text               cmsis_nvic.o
    0x08007c98   0x000001b4   Code   RO         1956    .text               hal_tick.o
    0x08007e4c   0x000001f4   Code   RO         1998    .text               system_stm32f1xx.o
    0x08008040   0x00000114   Code   RO         2094    .text               gpio_api.o
    0x08008154   0x0000000c   Code   RO         2247    .text               mbed_overrides.o
    0x08008160   0x00000380   Code   RO         2271    .text               pinmap.o
    0x080084e0   0x000000e6   Code   RO         2306    .text               port_api.o
    0x080085c6   0x00000002   PAD
    0x080085c8   0x00000344   Code   RO         2333    .text               pwmout_api.o
    0x0800890c   0x00000528   Code   RO         2395    .text               serial_api.o
    0x08008e34   0x0000011c   Code   RO         2494    .text               us_ticker.o
    0x08008f50   0x0000004c   Code   RO         2569    .text               assert.o
    0x08008f9c   0x00000012   Code   RO         2584    .text               board.o
    0x08008fae   0x00000002   PAD
    0x08008fb0   0x00000020   Code   RO         2618    .text               error.o
    0x08008fd0   0x00000164   Code   RO         2652    .text               gpio.o
    0x08009134   0x00000168   Code   RO         2731    .text               pinmap_common.o
    0x0800929c   0x00000134   Code   RO         2805    .text               ticker_api.o
    0x080093d0   0x00000014   Code   RO         2829    .text               us_ticker_api.o
    0x080093e4   0x00000048   Code   RO         2856    .text               wait_api.o
    0x0800942c   0x000002d4   Code   RO         3005    .text               busout.o
    0x08009700   0x000000c8   Code   RO         3148    .text               filebase.o
    0x080097c8   0x00000070   Code   RO         3190    .text               filelike.o
    0x08009838   0x000000d4   Code   RO         3238    .text               filepath.o
    0x0800990c   0x00000074   Code   RO         3280    .text               filesystemlike.o
    0x08009980   0x000004ac   Code   RO         3642    .text               retarget.o
    0x08009e2c   0x00000078   Code   RO         3711    .text               serial.o
    0x08009ea4   0x0000015c   Code   RO         3763    .text               serialbase.o
    0x0800a000   0x000001c0   Code   RO         3885    .text               stream.o
    0x0800a1c0   0x0000004e   Code   RO         4216    .text               mc_w.l(fgetc_bpf.o)
    0x0800a20e   0x00000002   PAD
    0x0800a210   0x00000020   Code   RO         4234    .text               mc_w.l(initio_oe.o)
    0x0800a230   0x00000022   Code   RO         4236    .text               mc_w.l(fputs_e.o)
    0x0800a252   0x00000028   Code   RO         4240    .text               mc_w.l(fputc_fp.o)
    0x0800a27a   0x00000020   Code   RO         4256    .text               mc_w.l(llushr.o)
    0x0800a29a   0x00000040   Code   RO         4267    .text               mc_w.l(memmovea.o)
    0x0800a2da   0x00000024   Code   RO         4271    .text               mc_w.l(memseta.o)
    0x0800a2fe   0x00000018   Code   RO         4273    .text               mc_w.l(strncpy.o)
    0x0800a316   0x0000000e   Code   RO         4275    .text               mc_w.l(strlen.o)
    0x0800a324   0x0000001c   Code   RO         4277    .text               mc_w.l(strcmp.o)
    0x0800a340   0x0000001e   Code   RO         4279    .text               mc_w.l(strncmp.o)
    0x0800a35e   0x00000010   Code   RO         4546    .text               mc_w.l(vfscanf.o)
    0x0800a36e   0x00000002   PAD
    0x0800a370   0x00000038   Code   RO         4548    .text               mc_w.l(__0sscanf.o)
    0x0800a3a8   0x0000014c   Code   RO         4550    .text               mc_w.l(_scanf_int.o)
    0x0800a4f4   0x00000020   Code   RO         4555    .text               mc_w.l(cpp_init.o)
    0x0800a514   0x000000b0   Code   RO         4557    .text               mf_w.l(fadd.o)
    0x0800a5c4   0x00000064   Code   RO         4559    .text               mf_w.l(fmul.o)
    0x0800a628   0x0000007c   Code   RO         4561    .text               mf_w.l(fdiv.o)
    0x0800a6a4   0x000000de   Code   RO         4563    .text               mf_w.l(ddiv.o)
    0x0800a782   0x00000012   Code   RO         4565    .text               mf_w.l(fflti.o)
    0x0800a794   0x0000000a   Code   RO         4567    .text               mf_w.l(ffltui.o)
    0x0800a79e   0x00000022   Code   RO         4569    .text               mf_w.l(dflti.o)
    0x0800a7c0   0x00000032   Code   RO         4571    .text               mf_w.l(ffixi.o)
    0x0800a7f2   0x00000028   Code   RO         4573    .text               mf_w.l(ffixui.o)
    0x0800a81a   0x00000038   Code   RO         4575    .text               mf_w.l(d2f.o)
    0x0800a852   0x00000002   PAD
    0x0800a854   0x00000014   Code   RO         4577    .text               mf_w.l(cfcmple.o)
    0x0800a868   0x00000014   Code   RO         4579    .text               mf_w.l(cfrcmple.o)
    0x0800a87c   0x00000004   Code   RO         4584    .text               cpprt_w.l(arm_newhandler_noexceptions.o)
    0x0800a880   0x0000002c   Code   RO         4629    .text               mc_w.l(uidiv.o)
    0x0800a8ac   0x00000062   Code   RO         4631    .text               mc_w.l(uldiv.o)
    0x0800a90e   0x0000001c   Code   RO         4667    .text               mc_w.l(_chval.o)
    0x0800a92a   0x00000156   Code   RO         4669    .text               mc_w.l(_scanf_longlong.o)
    0x0800aa80   0x000000da   Code   RO         4671    .text               mc_w.l(_scanf_str.o)
    0x0800ab5a   0x00000002   PAD
    0x0800ab5c   0x00000338   Code   RO         4673    .text               mc_w.l(scanf_fp.o)
    0x0800ae94   0x00000028   Code   RO         4677    .text               mc_w.l(scanf_char.o)
    0x0800aebc   0x00000040   Code   RO         4679    .text               mc_w.l(_sgetc.o)
    0x0800aefc   0x00000014   Code   RO         4681    .text               mc_w.l(scanf_char_file.o)
    0x0800af10   0x00000000   Code   RO         4683    .text               mc_w.l(iusefp.o)
    0x0800af10   0x00000008   Code   RO         4686    .text               mc_w.l(cpp_dtor.o)
    0x0800af18   0x00000002   Code   RO         4689    .text               mc_w.l(cpp_final.o)
    0x0800af1a   0x00000002   PAD
    0x0800af1c   0x00000008   Code   RO         4691    .text               mc_w.l(cpp_memory.o)
    0x0800af24   0x00000002   Code   RO         4694    .text               mc_w.l(cpp_signal.o)
    0x0800af26   0x00000002   PAD
    0x0800af28   0x00000020   Code   RO         4696    .text               mc_w.l(cpp_unwinder.o)
    0x0800af48   0x0000006e   Code   RO         4699    .text               mf_w.l(fepilogue.o)
    0x0800afb6   0x000000b6   Code   RO         4701    .text               mf_w.l(depilogue.o)
    0x0800b06c   0x0000014e   Code   RO         4703    .text               mf_w.l(dadd.o)
    0x0800b1ba   0x000000e4   Code   RO         4705    .text               mf_w.l(dmul.o)
    0x0800b29e   0x00000030   Code   RO         4707    .text               mf_w.l(dfixul.o)
    0x0800b2ce   0x00000002   PAD
    0x0800b2d0   0x00000028   Code   RO         4709    .text               mf_w.l(cdrcmple.o)
    0x0800b2f8   0x0000001a   Code   RO         4711    .text               cpprt_w.l(arm_exceptions_terminate.o)
    0x0800b312   0x00000002   PAD
    0x0800b314   0x00000024   Code   RO         4727    .text               mc_w.l(init.o)
    0x0800b338   0x0000001e   Code   RO         4729    .text               mc_w.l(llshl.o)
    0x0800b356   0x00000024   Code   RO         4731    .text               mc_w.l(llsshr.o)
    0x0800b37a   0x0000000a   Code   RO         4733    .text               mc_w.l(isspace_c.o)
    0x0800b384   0x00000328   Code   RO         4737    .text               mc_w.l(_scanf.o)
    0x0800b6ac   0x00000018   Code   RO         4740    .text               mf_w.l(dfltul.o)
    0x0800b6c4   0x00000050   Code   RO         4742    .text               cpprt_w.l(arm_exceptions_globs.o)
    0x0800b714   0x00000028   Code   RO         4748    .text               mc_w.l(ctype_c.o)
    0x0800b73c   0x0000003c   Code   RO         4753    .text               cpprt_w.l(arm_exceptions_mem.o)
    0x0800b778   0x0000003c   Code   RO         3026    i._ZN4mbed10DigitalOut5writeEi  busout.o
    0x0800b7b4   0x0000001a   Code   RO          463    i._ZN4mbed10DigitalOutC1E7PinName  matrix.o
    0x0800b7ce   0x00000012   Code   RO          475    i._ZN4mbed10DigitalOutaSEi  matrix.o
    0x0800b7e0   0x0000003a   Code   RO         3210    i._ZN4mbed10FileHandle4flenEv  filelike.o
    0x0800b81a   0x00000032   Code   RO         3362    i._ZN4mbed13BaseDirHandle7readdirEv  filesystemlike.o
    0x0800b84c   0x00000004   Code   RO         3374    i._ZN4mbed13BaseDirHandle7seekdirEl  filesystemlike.o
    0x0800b850   0x00000006   Code   RO         3368    i._ZN4mbed13BaseDirHandle7telldirEv  filesystemlike.o
    0x0800b856   0x00000012   Code   RO         3355    i._ZN4mbed13BaseDirHandle8closedirEv  filesystemlike.o
    0x0800b868   0x00000006   Code   RO         3380    i._ZN4mbed13BaseDirHandle9rewinddirEv  filesystemlike.o
    0x0800b86e   0x00000012   Code   RO         3389    i._ZN4mbed13BaseDirHandleD0Ev  filesystemlike.o
    0x0800b880   0x00000004   Code   RO         3386    i._ZN4mbed13BaseDirHandleD1Ev  filesystemlike.o
    0x0800b884   0x00000008   Code   RO         3318    i._ZN4mbed14FileSystemLike5mkdirEPKci  filesystemlike.o
    0x0800b88c   0x00000008   Code   RO         3300    i._ZN4mbed14FileSystemLike6removeEPKc  filesystemlike.o
    0x0800b894   0x00000008   Code   RO         3306    i._ZN4mbed14FileSystemLike6renameEPKcS2_  filesystemlike.o
    0x0800b89c   0x00000006   Code   RO         3312    i._ZN4mbed14FileSystemLike7opendirEPKc  filesystemlike.o
    0x0800b8a2   0x00000016   Code   RO          469    i._ZN4mbed6PwmOutaSEf  matrix.o
    0x0800b8b8   0x00000018   Code   RO           36    i._ZN4mbed6SerialD1Ev  main.o
    0x0800b8d0   0x00000002   Code   RO         3340    i._ZN4mbed9DirHandle7seekdirEl  filesystemlike.o
    0x0800b8d2   0x00000008   Code   RO         3334    i._ZN4mbed9DirHandle7telldirEv  filesystemlike.o
    0x0800b8da   0x00000008   Code   RO           30    i._ZN6Matrix13requestUpdateEv  main.o
    0x0800b8e2   0x00000008   Code   RO         4072    i._ZdlPv            cpprt_w.l(delete.o)
    0x0800b8ea   0x00000002   PAD
    0x0800b8ec   0x00000028   Code   RO         4075    i._Znwj             cpprt_w.l(new.o)
    0x0800b914   0x00000028   Code   RO         4420    i.__0sprintf$5      mc_w.l(printf5.o)
    0x0800b93c   0x00000018   Code   RO         4521    i.__0vfprintf       mc_w.l(printfa.o)
    0x0800b954   0x00000032   Code   RO         4082    i.__aeabi_atexit    cpprt_w.l(aeabi_atexit.o)
    0x0800b986   0x00000024   Code   RO         4085    i.__aeabi_vec_ctor_nocookie_nodtor  cpprt_w.l(aeabi_vec_ctor_nocookie_nodtor.o)
    0x0800b9aa   0x00000042   Code   RO         4597    i.__cxa_finalize    cpprt_w.l(cxa_finalize.o)
    0x0800b9ec   0x00000006   Code   RO         4079    i.__cxa_pure_virtual  cpprt_w.l(pure_virt.o)
    0x0800b9f2   0x0000000e   Code   RO         4757    i.__scatterload_copy  mc_w.l(handlers.o)
    0x0800ba00   0x00000002   Code   RO         4758    i.__scatterload_null  mc_w.l(handlers.o)
    0x0800ba02   0x0000000e   Code   RO         4759    i.__scatterload_zeroinit  mc_w.l(handlers.o)
    0x0800ba10   0x00000006   Code   RO         4230    i._fclose$full      mc_w.l(fclose_f.o)
    0x0800ba16   0x00000018   Code   RO         4232    i._fflush$full      mc_w.l(fflush_f.o)
    0x0800ba2e   0x00000028   Code   RO         4226    i._fopen$full       mc_w.l(fopen_f.o)
    0x0800ba56   0x00000002   PAD
    0x0800ba58   0x00000164   Code   RO         4525    i._fp_digits        mc_w.l(printfa.o)
    0x0800bbbc   0x0000005e   Code   RO         4227    i._freopen$full     mc_w.l(fopen_f.o)
    0x0800bc1a   0x0000000e   Code   RO         4675    i._is_digit         mc_w.l(scanf_fp.o)
    0x0800bc28   0x000002bc   Code   RO         4425    i._printf_core      mc_w.l(printf5.o)
    0x0800bee4   0x000006dc   Code   RO         4526    i._printf_core      mc_w.l(printfa.o)
    0x0800c5c0   0x00000024   Code   RO         4527    i._printf_post_padding  mc_w.l(printfa.o)
    0x0800c5e4   0x0000002e   Code   RO         4528    i._printf_pre_padding  mc_w.l(printfa.o)
    0x0800c612   0x0000000a   Code   RO         4427    i._sputc            mc_w.l(printf5.o)
    0x0800c61c   0x0000003c   Code   RO         4222    i.fgets             mc_w.l(fgets.o)
    0x0800c658   0x00000050   Code   RO         4639    i.free              mc_w.l(malloc.o)
    0x0800c6a8   0x0000006c   Code   RO         4640    i.malloc            mc_w.l(malloc.o)
    0x0800c714   0x00000008   Code   RO         3493    t._ZN4mbed19FunctionPointerArg1IvvE6attachEPFvvE  interruptin.o
    0x0800c71c   0x00000264   Data   RO            7    .constdata          main.o
    0x0800c980   0x00002a30   Data   RO          635    .constdata          font.o
    0x0800f3b0   0x00000010   Data   RO         1398    .constdata          stm32f1xx_hal_rcc.o
    0x0800f3c0   0x00000010   Data   RO         1999    .constdata          system_stm32f1xx.o
    0x0800f3d0   0x00000034   Data   RO         2272    .constdata          pinmap.o
    0x0800f404   0x000003a8   Data   RO         2528    .constdata          peripheralpins.o
    0x0800f7ac   0x0000001c   Data   RO         2830    .constdata          us_ticker_api.o
    0x0800f7c8   0x00000040   Data   RO         4749    .constdata          mc_w.l(ctype_c.o)
    0x0800f808   0x0000002c   Data   RO         3668    .constdata__ZTVN4mbed10FileHandleE  retarget.o
    0x0800f834   0x00000010   Data   RO         3782    .constdata__ZTVN4mbed10SerialBaseE  serialbase.o
    0x0800f844   0x00000024   Data   RO         3327    .constdata__ZTVN4mbed13BaseDirHandleE  filesystemlike.o
    0x0800f868   0x00000024   Data   RO         3299    .constdata__ZTVN4mbed14FileSystemLikeE  filesystemlike.o
    0x0800f88c   0x00000010   Data   RO         3024    .constdata__ZTVN4mbed6BusOutE  busout.o
    0x0800f89c   0x0000005c   Data   RO         3730    .constdata__ZTVN4mbed6SerialE  serial.o
    0x0800f8f8   0x00000044   Data   RO         3905    .constdata__ZTVN4mbed6StreamE  stream.o
    0x0800f93c   0x00000010   Data   RO         3169    .constdata__ZTVN4mbed8FileBaseE  filebase.o
    0x0800f94c   0x0000003c   Data   RO         3209    .constdata__ZTVN4mbed8FileLikeE  filelike.o
    0x0800f988   0x00000024   Data   RO         3325    .constdata__ZTVN4mbed9DirHandleE  filesystemlike.o
    0x0800f9ac   0x00000020   Data   RO         4756    Region$$Table       anon$$obj.o
    0x0800f9cc   0x00000004   Data   RO            9    .init_array         main.o
    0x0800f9d0   0x00000000   Data   RO         4553    .init_array         mc_w.l(cpp_init.o)


    Execution Region RW_IRAM1 (Base: 0x200000ec, Size: 0x00001f44, Max: 0x00004f14, ABSOLUTE)

    Base Addr    Size         Type   Attr      Idx    E Section Name        Object

    0x200000ec   0x0000000c   Data   RW            8    .data               main.o
    0x200000f8   0x00000001   Data   RW          446    .data               matrix.o
    0x200000f9   0x00000003   PAD
    0x200000fc   0x00000004   Data   RW          663    .data               stm32f1xx_hal.o
    0x20000100   0x00000004   Data   RW         1958    .data               hal_tick.o
    0x20000104   0x00000004   Data   RW         2000    .data               system_stm32f1xx.o
    0x20000108   0x00000008   Data   RW         2397    .data               serial_api.o
    0x20000110   0x0000000e   Data   RW         2496    .data               us_ticker.o
    0x2000011e   0x00000002   PAD
    0x20000120   0x00000008   Data   RW         2831    .data               us_ticker_api.o
    0x20000128   0x00000004   Data   RW         3150    .data               filebase.o
    0x2000012c   0x00000004   Data   RW         3646    .data               retarget.o
    0x20000130   0x00000004   Data   RW         4687    .data               mc_w.l(cpp_dtor.o)
    0x20000134   0x00000004   Data   RW         4692    .data               mc_w.l(cpp_memory.o)
    0x20000138   0x00000008   Data   RW         4697    .data               mc_w.l(cpp_unwinder.o)
    0x20000140   0x00000004   Data   RW         4735    .data               mc_w.l(mvars.o)
    0x20000144   0x00000004   Data   RW         4736    .data               mc_w.l(mvars.o)
    0x20000148   0x00001960   Zero   RW            6    .bss                main.o
    0x20001aa8   0x0000003c   Zero   RW         1957    .bss                hal_tick.o
    0x20001ae4   0x0000003c   Zero   RW         2334    .bss                pwmout_api.o
    0x20001b20   0x00000068   Zero   RW         2396    .bss                serial_api.o
    0x20001b88   0x0000003c   Zero   RW         2495    .bss                us_ticker.o
    0x20001bc4   0x00000040   Zero   RW         3644    .bss                retarget.o
    0x20001c04   0x00000014   Zero   RW         4254    .bss                mc_w.l(stdout_f.o)
    0x20001c18   0x00000014   Zero   RW         4255    .bss                mc_w.l(stderr_f.o)
    0x20001c2c   0x00000004   PAD
    0x20001c30   0x00000400   Zero   RW          653    HEAP                startup_stm32f103xb.o


==============================================================================

Image component sizes


      Code (inc. data)   RO Data    RW Data    ZI Data      Debug   Object Name

         0          0          0          0          0       5384   analogin_api.o
        76         54          0          0          0        583   assert.o
        18          0          0          0          0        427   board.o
         0          0          0          0          0        556   busin.o
         0          0          0          0          0        828   businout.o
       784        160         16          0          0       7276   busout.o
        84          6          0          0          0     243148   cmsis_nvic.o
        32          4          0          0          0       1200   error.o
       200         10         16          4          0       1900   filebase.o
       170          8         60          0          0       5052   filelike.o
       212          0          0          0          0       5388   filepath.o
       262         12        108          0          0       9488   filesystemlike.o
         0          0      10800          0          0       6059   font.o
       356         86          0          0          0       3038   gpio.o
       276        102          0          0          0       1836   gpio_api.o
         0          0          0          0          0      53411   gpio_irq_api.o
       436         36          0          4         60      23933   hal_tick.o
         8          0          0          0          0       1192   interruptin.o
      2368        182        616         12       6496     252356   main.o
      2010         14          0          1          0      20268   matrix.o
        12          0          0          0          0        520   mbed_overrides.o
         0          0        936          0          0       1356   peripheralpins.o
       896        146         52          0          0       4999   pinmap.o
       360        104          0          0          0       2475   pinmap_common.o
       230          0          0          0          0       2661   port_api.o
       836        102          0          0         60       4247   pwmout_api.o
         0          0          0          0          0       4056   rawserial.o
      1196         44         44          4         64      15449   retarget.o
       120          4         92          0          0       5100   serial.o
      1320        154          0          8        104       7602   serial_api.o
       348         14         16          0          0       3616   serialbase.o
        36          8        236          0       1024        940   startup_stm32f103xb.o
       324         22          0          4          0     248351   stm32f1xx_hal.o
       708         22          0          0          0      26994   stm32f1xx_hal_cortex.o
      2324         16          0          0          0       4856   stm32f1xx_hal_dma.o
      1196         32          0          0          0       4167   stm32f1xx_hal_gpio.o
      3800         84         16          0          0       5659   stm32f1xx_hal_rcc.o
      1888         56          0          0          0       3587   stm32f1xx_hal_rcc_ex.o
      9932         82          0          0          0      30862   stm32f1xx_hal_tim.o
      3432         26          0          0          0      11392   stm32f1xx_hal_tim_ex.o
      3626         24          0          0          0      12039   stm32f1xx_hal_uart.o
       448         14         68          0          0       4504   stream.o
       500         32         16          4          0       2827   system_stm32f1xx.o
       308          0          0          0          0       2538   ticker_api.o
       284         26          0         14         60       3461   us_ticker.o
        20          6         28          8          0       1307   us_ticker_api.o
        72          4          0          0          0        795   wait_api.o

    ----------------------------------------------------------------------
     41514       1696      13152         68       7868    1059683   Object Totals
         0          0         32          0          0          0   (incl. Generated)
         6          0          0          5          0          0   (incl. Padding)

    ----------------------------------------------------------------------

      Code (inc. data)   RO Data    RW Data    ZI Data      Debug   Library Member Name

        50          0          0          0          0         84   aeabi_atexit.o
        36          0          0          0          0         84   aeabi_vec_ctor_nocookie_nodtor.o
        80         12          0          0          0        104   arm_exceptions_globs.o
        60          0          0          0          0        108   arm_exceptions_mem.o
        26          0          0          0          0         76   arm_exceptions_terminate.o
         4          0          0          0          0         68   arm_newhandler_noexceptions.o
        66          0          0          0          0         84   cxa_finalize.o
         8          0          0          0          0         76   delete.o
        40          6          0          0          0         76   new.o
         6          0          0          0          0         68   pure_virt.o
        56          8          0          0          0         84   __0sscanf.o
        28          0          0          0          0         68   _chval.o
       808          6          0          0          0        112   _scanf.o
       332          0          0          0          0         96   _scanf_int.o
       342          0          0          0          0        100   _scanf_longlong.o
       218          0          0          0          0         96   _scanf_str.o
        64          0          0          0          0         84   _sgetc.o
         8          4          0          4          0         68   cpp_dtor.o
         2          0          0          0          0         68   cpp_final.o
        32         10          0          0          0         80   cpp_init.o
         8          4          0          4          0         68   cpp_memory.o
         2          0          0          0          0         68   cpp_signal.o
        32          6          0          8          0        252   cpp_unwinder.o
        40          6         64          0          0         68   ctype_c.o
         0          0          0          0          0          0   entry.o
         0          0          0          0          0          0   entry10a.o
         0          0          0          0          0          0   entry11a.o
         8          4          0          0          0          0   entry2.o
         4          0          0          0          0          0   entry5.o
         4          0          0          0          0          0   entry6b.o
         0          0          0          0          0          0   entry7b.o
         4          0          0          0          0          0   entry8a.o
         0          0          0          0          0          0   entry8b.o
         8          4          0          0          0          0   entry9a.o
         6          0          0          0          0         68   fclose_f.o
        24          0          0          0          0         76   fflush_f.o
        78          0          0          0          0        144   fgetc_bpf.o
        60          0          0          0          0         84   fgets.o
       134          0          0          0          0        172   fopen_f.o
        40          0          0          0          0         80   fputc_fp.o
        34          0          0          0          0         80   fputs_e.o
        30          0          0          0          0          0   handlers.o
        36          8          0          0          0         68   init.o
        32         12          0          0          0         72   initio_oe.o
        10          0          0          0          0         68   isspace_c.o
         0          0          0          0          0          0   iusefp.o
        30          0          0          0          0         68   llshl.o
        36          0          0          0          0         68   llsshr.o
        32          0          0          0          0         68   llushr.o
       188         20          0          0          0        160   malloc.o
        64          0          0          0          0         76   memmovea.o
        36          0          0          0          0        108   memseta.o
         0          0          0          8          0          0   mvars.o
       750         52          0          0          0        252   printf5.o
      2218         84          0          0          0        440   printfa.o
        40          8          0          0          0         84   scanf_char.o
        20          8          0          0          0         68   scanf_char_file.o
       838         12          0          0          0        216   scanf_fp.o
         0          0          0          0         20          0   stderr_f.o
         0          0          0          0         20          0   stdout_f.o
        28          0          0          0          0         76   strcmp.o
        14          0          0          0          0         68   strlen.o
        30          0          0          0          0         80   strncmp.o
        24          0          0          0          0         76   strncpy.o
        44          0          0          0          0         80   uidiv.o
        98          0          0          0          0         92   uldiv.o
        16          0          0          0          0         80   vfscanf.o
        40          2          0          0          0         68   cdrcmple.o
        20          0          0          0          0         68   cfcmple.o
        20          0          0          0          0         68   cfrcmple.o
        56          0          0          0          0         88   d2f.o
       334          0          0          0          0        148   dadd.o
       222          0          0          0          0        100   ddiv.o
       182          0          0          0          0        176   depilogue.o
        48          0          0          0          0         68   dfixul.o
        34          0          0          0          0         76   dflti.o
        24          0          0          0          0         76   dfltul.o
       228          0          0          0          0         96   dmul.o
       176          0          0          0          0        140   fadd.o
       124          0          0          0          0         88   fdiv.o
       110          0          0          0          0        168   fepilogue.o
        50          0          0          0          0         68   ffixi.o
        40          0          0          0          0         68   ffixui.o
        18          0          0          0          0         68   fflti.o
        10          0          0          0          0         68   ffltui.o
       100          0          0          0          0         76   fmul.o

    ----------------------------------------------------------------------
      9222        276         64         24         44       6988   Library Totals
        20          0          0          0          4          0   (incl. Padding)

    ----------------------------------------------------------------------

      Code (inc. data)   RO Data    RW Data    ZI Data      Debug   Library Name

       376         18          0          0          0        828   cpprt_w.l
      6990        256         64         24         40       4384   mc_w.l
      1836          2          0          0          0       1776   mf_w.l

    ----------------------------------------------------------------------
      9222        276         64         24         44       6988   Library Totals

    ----------------------------------------------------------------------

==============================================================================


      Code (inc. data)   RO Data    RW Data    ZI Data      Debug   

     50736       1972      13216         92       7912    1058295   Grand Totals
     50736       1972      13216         92       7912    1058295   ELF Image Totals
     50736       1972      13216         92          0          0   ROM Totals

==============================================================================

    Total RO  Size (Code + RO Data)                63952 (  62.45kB)
    Total RW  Size (RW Data + ZI Data)              8004 (   7.82kB)
    Total ROM Size (Code + RO Data + RW Data)      64044 (  62.54kB)

==============================================================================

