<html>
<body>
<pre>
<h1>µVision Build Log</h1>
<h2>Project:</h2>
E:\WRB\GroveÐ¡×é\grove_led_matrix\new\grove_led_matrix\MBED_A1.uvproj
Project File Date:  01/25/2016

<h2>Output:</h2>
Build target 'mbed NUCLEO_F103RB'
linking...
Program Size: Code=50736 RO-data=13216 RW-data=92 ZI-data=7912  
FromELF: creating hex file...
After Build - User command #1: fromelf --bin -o build\MBED_A1_NUCLEO_F103RB.bin build\MBED_A1.axf
".\build\MBED_A1.axf" - 0 Error(s), 0 Warning(s).
</pre>
</body>
</html>
